main.c:86:6:ModbusRtu_TransmitCallback	16	static
main.c:90:6:HAL_UART_ErrorCallback	16	static
main.c:96:6:ModbusRtu_InitCallback	4	static
main.c:100:6:ModbusRtu_ReadRequestCallback	16	static
main.c:104:6:HAL_UART_RxCpltCallback	16	static
main.c:117:5:main	48	static
main.c:219:6:SystemClock_Config	232	static
main.c:274:13:MX_USART2_UART_Init	8	static
main.c:309:13:MX_GPIO_Init	40	static
main.c:347:6:StartDefaultTask	16	static
main.c:366:6:HAL_TIM_PeriodElapsedCallback	16	static
main.c:383:6:Error_Handler	4	static,ignoring_inline_asm
