Archive member included to satisfy reference by file (symbol)

c:/st/stm32cubeide_1.4.0/stm32cubeide/plugins/com.st.stm32cube.ide.mcu.externaltools.gnu-tools-for-stm32.9-2020-q2-update.win32_1.5.0.202011040924/tools/bin/../lib/gcc/arm-none-eabi/9.3.1/../../../../arm-none-eabi/lib/thumb/v7e-m+fp/hard\libc_nano.a(lib_a-errno.o)
                              Core/Src/syscalls.o (__errno)
c:/st/stm32cubeide_1.4.0/stm32cubeide/plugins/com.st.stm32cube.ide.mcu.externaltools.gnu-tools-for-stm32.9-2020-q2-update.win32_1.5.0.202011040924/tools/bin/../lib/gcc/arm-none-eabi/9.3.1/../../../../arm-none-eabi/lib/thumb/v7e-m+fp/hard\libc_nano.a(lib_a-exit.o)
                              c:/st/stm32cubeide_1.4.0/stm32cubeide/plugins/com.st.stm32cube.ide.mcu.externaltools.gnu-tools-for-stm32.9-2020-q2-update.win32_1.5.0.202011040924/tools/bin/../lib/gcc/arm-none-eabi/9.3.1/../../../../arm-none-eabi/lib/thumb/v7e-m+fp/hard/crt0.o (exit)
c:/st/stm32cubeide_1.4.0/stm32cubeide/plugins/com.st.stm32cube.ide.mcu.externaltools.gnu-tools-for-stm32.9-2020-q2-update.win32_1.5.0.202011040924/tools/bin/../lib/gcc/arm-none-eabi/9.3.1/../../../../arm-none-eabi/lib/thumb/v7e-m+fp/hard\libc_nano.a(lib_a-impure.o)
                              c:/st/stm32cubeide_1.4.0/stm32cubeide/plugins/com.st.stm32cube.ide.mcu.externaltools.gnu-tools-for-stm32.9-2020-q2-update.win32_1.5.0.202011040924/tools/bin/../lib/gcc/arm-none-eabi/9.3.1/../../../../arm-none-eabi/lib/thumb/v7e-m+fp/hard\libc_nano.a(lib_a-exit.o) (_global_impure_ptr)
c:/st/stm32cubeide_1.4.0/stm32cubeide/plugins/com.st.stm32cube.ide.mcu.externaltools.gnu-tools-for-stm32.9-2020-q2-update.win32_1.5.0.202011040924/tools/bin/../lib/gcc/arm-none-eabi/9.3.1/../../../../arm-none-eabi/lib/thumb/v7e-m+fp/hard\libc_nano.a(lib_a-init.o)
                              c:/st/stm32cubeide_1.4.0/stm32cubeide/plugins/com.st.stm32cube.ide.mcu.externaltools.gnu-tools-for-stm32.9-2020-q2-update.win32_1.5.0.202011040924/tools/bin/../lib/gcc/arm-none-eabi/9.3.1/../../../../arm-none-eabi/lib/thumb/v7e-m+fp/hard/crt0.o (__libc_init_array)
c:/st/stm32cubeide_1.4.0/stm32cubeide/plugins/com.st.stm32cube.ide.mcu.externaltools.gnu-tools-for-stm32.9-2020-q2-update.win32_1.5.0.202011040924/tools/bin/../lib/gcc/arm-none-eabi/9.3.1/../../../../arm-none-eabi/lib/thumb/v7e-m+fp/hard\libc_nano.a(lib_a-memcpy-stub.o)
                              Middlewares/Third_Party/FreeRTOS/Source/queue.o (memcpy)
c:/st/stm32cubeide_1.4.0/stm32cubeide/plugins/com.st.stm32cube.ide.mcu.externaltools.gnu-tools-for-stm32.9-2020-q2-update.win32_1.5.0.202011040924/tools/bin/../lib/gcc/arm-none-eabi/9.3.1/../../../../arm-none-eabi/lib/thumb/v7e-m+fp/hard\libc_nano.a(lib_a-memset.o)
                              c:/st/stm32cubeide_1.4.0/stm32cubeide/plugins/com.st.stm32cube.ide.mcu.externaltools.gnu-tools-for-stm32.9-2020-q2-update.win32_1.5.0.202011040924/tools/bin/../lib/gcc/arm-none-eabi/9.3.1/../../../../arm-none-eabi/lib/thumb/v7e-m+fp/hard/crt0.o (memset)
c:/st/stm32cubeide_1.4.0/stm32cubeide/plugins/com.st.stm32cube.ide.mcu.externaltools.gnu-tools-for-stm32.9-2020-q2-update.win32_1.5.0.202011040924/tools/bin/../lib/gcc/arm-none-eabi/9.3.1/thumb/v7e-m+fp/hard\libgcc.a(_aeabi_uldivmod.o)
                              Drivers/STM32L4xx_HAL_Driver/Src/stm32l4xx_hal_uart.o (__aeabi_uldivmod)
c:/st/stm32cubeide_1.4.0/stm32cubeide/plugins/com.st.stm32cube.ide.mcu.externaltools.gnu-tools-for-stm32.9-2020-q2-update.win32_1.5.0.202011040924/tools/bin/../lib/gcc/arm-none-eabi/9.3.1/thumb/v7e-m+fp/hard\libgcc.a(_udivmoddi4.o)
                              c:/st/stm32cubeide_1.4.0/stm32cubeide/plugins/com.st.stm32cube.ide.mcu.externaltools.gnu-tools-for-stm32.9-2020-q2-update.win32_1.5.0.202011040924/tools/bin/../lib/gcc/arm-none-eabi/9.3.1/thumb/v7e-m+fp/hard\libgcc.a(_aeabi_uldivmod.o) (__udivmoddi4)
c:/st/stm32cubeide_1.4.0/stm32cubeide/plugins/com.st.stm32cube.ide.mcu.externaltools.gnu-tools-for-stm32.9-2020-q2-update.win32_1.5.0.202011040924/tools/bin/../lib/gcc/arm-none-eabi/9.3.1/thumb/v7e-m+fp/hard\libgcc.a(_dvmd_tls.o)
                              c:/st/stm32cubeide_1.4.0/stm32cubeide/plugins/com.st.stm32cube.ide.mcu.externaltools.gnu-tools-for-stm32.9-2020-q2-update.win32_1.5.0.202011040924/tools/bin/../lib/gcc/arm-none-eabi/9.3.1/thumb/v7e-m+fp/hard\libgcc.a(_aeabi_uldivmod.o) (__aeabi_ldiv0)

Allocating common symbols
Common symbol       size              file

_config             0x10              Middlewares/Third_Party/Modbus/RTU/Slave/ModbusRtu_Slave.o
defaultTaskHandle   0x4               Core/Src/main.o
_lastPackageTick    0x8               Middlewares/Third_Party/Modbus/RTU/Slave/ModbusRtu_Slave.o
_inputRegisters     0x100             Middlewares/Third_Party/Modbus/Core/ModbusApp.o
uwTick              0x4               Drivers/STM32L4xx_HAL_Driver/Src/stm32l4xx_hal.o
xQueueRegistry      0x40              Middlewares/Third_Party/FreeRTOS/Source/queue.o
_modbusRtuTaskHandle
[...]
Memory Configuration

Name             Origin             Length             Attributes
RAM              0x0000000020000000 0x0000000000018000 xrw
RAM2             0x0000000010000000 0x0000000000008000 xrw
FLASH            0x0000000008000000 0x0000000000100000 xr
*default*        0x0000000000000000 0xffffffffffffffff

Linker script and memory map

LOAD c:/st/stm32cubeide_1.4.0/stm32cubeide/plugins/com.st.stm32cube.ide.mcu.externaltools.gnu-tools-for-stm32.9-2020-q2-update.win32_1.5.0.202011040924/tools/bin/../lib/gcc/arm-none-eabi/9.3.1/thumb/v7e-m+fp/hard/crti.o
LOAD c:/st/stm32cubeide_1.4.0/stm32cubeide/plugins/com.st.stm32cube.ide.mcu.externaltools.gnu-tools-for-stm32.9-2020-q2-update.win32_1.5.0.202011040924/tools/bin/../lib/gcc/arm-none-eabi/9.3.1/thumb/v7e-m+fp/hard/crtbegin.o
LOAD c:/st/stm32cubeide_1.4.0/stm32cubeide/plugins/com.st.stm32cube.ide.mcu.externaltools.gnu-tools-for-stm32.9-2020-q2-update.win32_1.5.0.202011040924/tools/bin/../lib/gcc/arm-none-eabi/9.3.1/../../../../arm-none-eabi/lib/thumb/v7e-m+fp/hard/crt0.o
LOAD Core/Src/freertos.o
LOAD Core/Src/main.o
LOAD Core/Src/stm32l4xx_hal_msp.o
LOAD Core/Src/stm32l4xx_hal_timebase_tim.o
LOAD Core/Src/stm32l4xx_it.o
LOAD Core/Src/syscalls.o
LOAD Core/Src/sysmem.o
LOAD Core/Src/system_stm32l4xx.o
LOAD Core/Startup/startup_stm32l476rgtx.o
LOAD Drivers/STM32L4xx_HAL_Driver/Src/stm32l4xx_hal.o
LOAD Drivers/STM32L4xx_HAL_Driver/Src/stm32l4xx_hal_cortex.o
LOAD Drivers/STM32L4xx_HAL_Driver/Src/stm32l4xx_hal_dma.o
LOAD Drivers/STM32L4xx_HAL_Driver/Src/stm32l4xx_hal_dma_ex.o
LOAD Drivers/STM32L4xx_HAL_Driver/Src/stm32l4xx_hal_exti.o
LOAD Drivers/STM32L4xx_HAL_Driver/Src/stm32l4xx_hal_flash.o
LOAD Drivers/STM32L4xx_HAL_Driver/Src/stm32l4xx_hal_flash_ex.o
LOAD Drivers/STM32L4xx_HAL_Driver/Src/stm32l4xx_hal_flash_ramfunc.o
LOAD Drivers/STM32L4xx_HAL_Driver/Src/stm32l4xx_hal_gpio.o
LOAD Drivers/STM32L4xx_HAL_Driver/Src/stm32l4xx_hal_i2c.o
LOAD Drivers/STM32L4xx_HAL_Driver/Src/stm32l4xx_hal_i2c_ex.o
LOAD Drivers/STM32L4xx_HAL_Driver/Src/stm32l4xx_hal_pwr.o
LOAD Drivers/STM32L4xx_HAL_Driver/Src/stm32l4xx_hal_pwr_ex.o
LOAD Drivers/STM32L4xx_HAL_Driver/Src/stm32l4xx_hal_rcc.o
LOAD Drivers/STM32L4xx_HAL_Driver/Src/stm32l4xx_hal_rcc_ex.o
LOAD Drivers/STM32L4xx_HAL_Driver/Src/stm32l4xx_hal_tim.o
LOAD Drivers/STM32L4xx_HAL_Driver/Src/stm32l4xx_hal_tim_ex.o
LOAD Drivers/STM32L4xx_HAL_Driver/Src/stm32l4xx_hal_uart.o
LOAD Drivers/STM32L4xx_HAL_Driver/Src/stm32l4xx_hal_uart_ex.o
LOAD Middlewares/Third_Party/FreeRTOS/Source/CMSIS_RTOS/cmsis_os.o
LOAD Middlewares/Third_Party/FreeRTOS/Source/croutine.o
LOAD Middlewares/Third_Party/FreeRTOS/Source/event_groups.o
LOAD Middlewares/Third_Party/FreeRTOS/Source/list.o
LOAD Middlewares/Third_Party/FreeRTOS/Source/queue.o
LOAD Middlewares/Third_Party/FreeRTOS/Source/stream_buffer.o
LOAD Middlewares/Third_Party/FreeRTOS/Source/tasks.o
LOAD Middlewares/Third_Party/FreeRTOS/Source/timers.o
LOAD Middlewares/Third_Party/FreeRTOS/Source/portable/GCC/ARM_CM4F/port.o
LOAD Middlewares/Third_Party/FreeRTOS/Source/portable/MemMang/heap_4.o
LOAD Middlewares/Third_Party/Modbus/Core/ModbusApp.o
LOAD Middlewares/Third_Party/Modbus/Core/ModbusCore.o
LOAD Middlewares/Third_Party/Modbus/RTU/Common/ModbusRtu_Common.o
LOAD Middlewares/Third_Party/Modbus/RTU/Slave/ModbusRtu_Slave.o
LOAD Middlewares/Third_Party/Modbus/sys/Modbus_HwHooks.o
START GROUP
LOAD c:/st/stm32cubeide_1.4.0/stm32cubeide/plugins/com.st.stm32cube.ide.mcu.externaltools.gnu-tools-for-stm32.9-2020-q2-update.win32_1.5.0.202011040924/tools/bin/../lib/gcc/arm-none-eabi/9.3.1/../../../../arm-none-eabi/lib/thumb/v7e-m+fp/hard\libc_nano.a
LOAD c:/st/stm32cubeide_1.4.0/stm32cubeide/plugins/com.st.stm32cube.ide.mcu.externaltools.gnu-tools-for-stm32.9-2020-q2-update.win32_1.5.0.202011040924/tools/bin/../lib/gcc/arm-none-eabi/9.3.1/../../../../arm-none-eabi/lib/thumb/v7e-m+fp/hard\libm.a
END GROUP
START GROUP
LOAD c:/st/stm32cubeide_1.4.0/stm32cubeide/plugins/com.st.stm32cube.ide.mcu.externaltools.gnu-tools-for-stm32.9-2020-q2-update.win32_1.5.0.202011040924/tools/bin/../lib/gcc/arm-none-eabi/9.3.1/thumb/v7e-m+fp/hard\libgcc.a
LOAD c:/st/stm32cubeide_1.4.0/stm32cubeide/plugins/com.st.stm32cube.ide.mcu.externaltools.gnu-tools-for-stm32.9-2020-q2-update.win32_1.5.0.202011040924/tools/bin/../lib/gcc/arm-none-eabi/9.3.1/../../../../arm-none-eabi/lib/thumb/v7e-m+fp/hard\libc_nano.a
END GROUP
START GROUP
LOAD c:/st/stm32cubeide_1.4.0/stm32cubeide/plugins/com.st.stm32cube.ide.mcu.externaltools.gnu-tools-for-stm32.9-2020-q2-update.win32_1.5.0.202011040924/tools/bin/../lib/gcc/arm-none-eabi/9.3.1/thumb/v7e-m+fp/hard\libgcc.a
LOAD c:/st/stm32cubeide_1.4.0/stm32cubeide/plugins/com.st.stm32cube.ide.mcu.externaltools.gnu-tools-for-stm32.9-2020-q2-update.win32_1.5.0.202011040924/tools/bin/../lib/gcc/arm-none-eabi/9.3.1/../../../../arm-none-eabi/lib/thumb/v7e-m+fp/hard\libc_nano.a
LOAD c:/st/stm32cubeide_1.4.0/stm32cubeide/plugins/com.st.stm32cube.ide.mcu.externaltools.gnu-tools-for-stm32.9-2020-q2-update.win32_1.5.0.202011040924/tools/bin/../lib/gcc/arm-none-eabi/9.3.1/../../../../arm-none-eabi/lib/thumb/v7e-m+fp/hard\libnosys.a
END GROUP
START GROUP
LOAD c:/st/stm32cubeide_1.4.0/stm32cubeide/plugins/com.st.stm32cube.ide.mcu.externaltools.gnu-tools-for-stm32.9-2020-q2-update.win32_1.5.0.202011040924/tools/bin/../lib/gcc/arm-none-eabi/9.3.1/thumb/v7e-m+fp/hard\libgcc.a
LOAD c:/st/stm32cubeide_1.4.0/stm32cubeide/plugins/com.st.stm32cube.ide.mcu.externaltools.gnu-tools-for-stm32.9-2020-q2-update.win32_1.5.0.202011040924/tools/bin/../lib/gcc/arm-none-eabi/9.3.1/../../../../arm-none-eabi/lib/thumb/v7e-m+fp/hard\libc_nano.a
LOAD c:/st/stm32cubeide_1.4.0/stm32cubeide/plugins/com.st.stm32cube.ide.mcu.externaltools.gnu-tools-for-stm32.9-2020-q2-update.win32_1.5.0.202011040924/tools/bin/../lib/gcc/arm-none-eabi/9.3.1/../../../../arm-none-eabi/lib/thumb/v7e-m+fp/hard\libnosys.a
END GROUP
LOAD c:/st/stm32cubeide_1.4.0/stm32cubeide/plugins/com.st.stm32cube.ide.mcu.externaltools.gnu-tools-for-stm32.9-2020-q2-update.win32_1.5.0.202011040924/tools/bin/../lib/gcc/arm-none-eabi/9.3.1/thumb/v7e-m+fp/hard/crtend.o
LOAD c:/st/stm32cubeide_1.4.0/stm32cubeide/plugins/com.st.stm32cube.ide.mcu.externaltools.gnu-tools-for-stm32.9-2020-q2-update.win32_1.5.0.202011040924/tools/bin/../lib/gcc/arm-none-eabi/9.3.1/thumb/v7e-m+fp/hard/crtn.o
                0x0000000020018000                _estack = (ORIGIN (RAM) + LENGTH (RAM))
                0x0000000000000200                _Min_Heap_Size = 0x200
                0x0000000000000400                _Min_Stack_Size = 0x400

.isr_vector     0x0000000008000000      0x188
                0x0000000008000000                . = ALIGN (0x4)
 *(.isr_vector)
 .isr_vector    0x0000000008000000      0x188 Core/Startup/startup_stm32l476rgtx.o
                0x0000000008000000                g_pfnVectors
                0x0000000008000188                . = ALIGN (0x4)

.text           0x0000000008000190     0x7234
                0x0000000008000190                . = ALIGN (0x4)
 *(.text)
 .text          0x0000000008000190       0x40 c:/st/stm32cubeide_1.4.0/stm32cubeide/plugins/com.st.stm32cube.ide.mcu.externaltools.gnu-tools-for-stm32.9-2020-q2-update.win32_1.5.0.202011040924/tools/bin/../lib/gcc/arm-none-eabi/9.3.1/thumb/v7e-m+fp/hard/crtbegin.o
 .text          0x00000000080001d0       0x30 c:/st/stm32cubeide_1.4.0/stm32cubeide/plugins/com.st.stm32cube.ide.mcu.externaltools.gnu-tools-for-stm32.9-2020-q2-update.win32_1.5.0.202011040924/tools/bin/../lib/gcc/arm-none-eabi/9.3.1/thumb/v7e-m+fp/hard\libgcc.a(_aeabi_uldivmod.o)
                0x00000000080001d0                __aeabi_uldivmod
 .text          0x0000000008000200      0x2c4 c:/st/stm32cubeide_1.4.0/stm32cubeide/plugins/com.st.stm32cube.ide.mcu.externaltools.gnu-tools-for-stm32.9-2020-q2-update.win32_1.5.0.202011040924/tools/bin/../lib/gcc/arm-none-eabi/9.3.1/thumb/v7e-m+fp/hard\libgcc.a(_udivmoddi4.o)
                0x0000000008000200                __udivmoddi4
 .text          0x00000000080004c4        0x4 c:/st/stm32cubeide_1.4.0/stm32cubeide/plugins/com.st.stm32cube.ide.mcu.externaltools.gnu-tools-for-stm32.9-2020-q2-update.win32_1.5.0.202011040924/tools/bin/../lib/gcc/arm-none-eabi/9.3.1/thumb/v7e-m+fp/hard\libgcc.a(_dvmd_tls.o)
                0x00000000080004c4                __aeabi_idiv0
                0x00000000080004c4                __aeabi_ldiv0
 *(.text*)
 .text.vApplicationGetIdleTaskMemory
                0x00000000080004c8       0x34 Core/Src/freertos.o
                0x00000000080004c8                vApplicationGetIdleTaskMemory
 .text.ModbusRtu_TransmitCallback
                0x00000000080004fc       0x24 Core/Src/main.o
                0x00000000080004fc                ModbusRtu_TransmitCallback
 .text.HAL_UART_ErrorCallback
                0x0000000008000520       0x28 Core/Src/main.o
                0x0000000008000520                HAL_UART_ErrorCallback
 .text.ModbusRtu_InitCallback
                0x0000000008000548        0xe Core/Src/main.o
                0x0000000008000548                ModbusRtu_InitCallback
 *fill*         0x0000000008000556        0x2 
 .text.ModbusRtu_ReadRequestCallback
                0x0000000008000558       0x24 Core/Src/main.o
                0x0000000008000558                ModbusRtu_ReadRequestCallback
 .text.HAL_UART_RxCpltCallback
                0x000000000800057c       0x24 Core/Src/main.o
                0x000000000800057c                HAL_UART_RxCpltCallback
 .text.main     0x00000000080005a0      0x198 Core/Src/main.o
                0x00000000080005a0                main
 .text.SystemClock_Config
                0x0000000008000738       0xea Core/Src/main.o
                0x0000000008000738                SystemClock_Config
 *fill*         0x0000000008000822        0x2 
 .text.MX_USART2_UART_Init
                0x0000000008000824       0x60 Core/Src/main.o
 .text.MX_GPIO_Init
                0x0000000008000884       0xb8 Core/Src/main.o
 .text.StartDefaultTask
                0x000000000800093c       0x10 Core/Src/main.o
                0x000000000800093c                StartDefaultTask
 .text.HAL_TIM_PeriodElapsedCallback
                0x000000000800094c       0x24 Core/Src/main.o
                0x000000000800094c                HAL_TIM_PeriodElapsedCallback
 .text.Error_Handler
                0x0000000008000970        0xa Core/Src/main.o
                0x0000000008000970                Error_Handler
 *fill*         0x000000000800097a        0x2 
 .text.HAL_MspInit
                0x000000000800097c       0x50 Core/Src/stm32l4xx_hal_msp.o
                0x000000000800097c                HAL_MspInit
 .text.HAL_UART_MspInit
                0x00000000080009cc       0x94 Core/Src/stm32l4xx_hal_msp.o
                0x00000000080009cc                HAL_UART_MspInit
 .text.HAL_InitTick
                0x0000000008000a60       0xac Core/Src/stm32l4xx_hal_timebase_tim.o
                0x0000000008000a60                HAL_InitTick
 .text.NMI_Handler
                0x0000000008000b0c        0x6 Core/Src/stm32l4xx_it.o
                0x0000000008000b0c                NMI_Handler
 .text.HardFault_Handler
                0x0000000008000b12        0x6 Core/Src/stm32l4xx_it.o
                0x0000000008000b12                HardFault_Handler
 .text.MemManage_Handler
                0x0000000008000b18        0x6 Core/Src/stm32l4xx_it.o
                0x0000000008000b18                MemManage_Handler
 .text.BusFault_Handler
                0x0000000008000b1e        0x6 Core/Src/stm32l4xx_it.o
                0x0000000008000b1e                BusFault_Handler
 .text.UsageFault_Handler
                0x0000000008000b24        0x6 Core/Src/stm32l4xx_it.o
                0x0000000008000b24                UsageFault_Handler
 .text.DebugMon_Handler
                0x0000000008000b2a        0xe Core/Src/stm32l4xx_it.o
                0x0000000008000b2a                DebugMon_Handler
 .text.USART2_IRQHandler
                0x0000000008000b38       0x14 Core/Src/stm32l4xx_it.o
                0x0000000008000b38                USART2_IRQHandler
 .text.TIM6_DAC_IRQHandler
                0x0000000008000b4c       0x14 Core/Src/stm32l4xx_it.o
                0x0000000008000b4c                TIM6_DAC_IRQHandler
 .text.SystemInit
                0x0000000008000b60       0x64 Core/Src/system_stm32l4xx.o
                0x0000000008000b60                SystemInit
 .text.Reset_Handler
                0x0000000008000bc4       0x50 Core/Startup/startup_stm32l476rgtx.o
                0x0000000008000bc4                Reset_Handler
 .text.Default_Handler
                0x0000000008000c14        0x2 Core/Startup/startup_stm32l476rgtx.o
                0x0000000008000c14                RTC_Alarm_IRQHandler
                0x0000000008000c14                EXTI2_IRQHandler
                0x0000000008000c14                TIM8_TRG_COM_IRQHandler
                0x0000000008000c14                TIM8_CC_IRQHandler
                0x0000000008000c14                TIM1_CC_IRQHandler
                0x0000000008000c14                TSC_IRQHandler
                0x0000000008000c14                TAMP_STAMP_IRQHandler
                0x0000000008000c14                EXTI3_IRQHandler
                0x0000000008000c14                LPTIM2_IRQHandler
                0x0000000008000c14                DFSDM1_FLT1_IRQHandler
                0x0000000008000c14                I2C3_ER_IRQHandler
                0x0000000008000c14                DFSDM1_FLT2_IRQHandler
                0x0000000008000c14                EXTI0_IRQHandler
                0x0000000008000c14                I2C2_EV_IRQHandler
                0x0000000008000c14                CAN1_RX0_IRQHandler
                0x0000000008000c14                FPU_IRQHandler
                0x0000000008000c14                TIM1_UP_TIM16_IRQHandler
                0x0000000008000c14                ADC1_2_IRQHandler
                0x0000000008000c14                SPI1_IRQHandler
                0x0000000008000c14                TIM8_UP_IRQHandler
                0x0000000008000c14                DMA2_Channel2_IRQHandler
                0x0000000008000c14                DMA1_Channel4_IRQHandler
                0x0000000008000c14                SAI2_IRQHandler
                0x0000000008000c14                DFSDM1_FLT3_IRQHandler
                0x0000000008000c14                USART3_IRQHandler
                0x0000000008000c14                DMA1_Channel7_IRQHandler
                0x0000000008000c14                CAN1_RX1_IRQHandler
                0x0000000008000c14                LCD_IRQHandler
                0x0000000008000c14                UART5_IRQHandler
                0x0000000008000c14                ADC3_IRQHandler
                0x0000000008000c14                TIM4_IRQHandler
                0x0000000008000c14                DMA2_Channel1_IRQHandler
                0x0000000008000c14                QUADSPI_IRQHandler
                0x0000000008000c14                I2C1_EV_IRQHandler
                0x0000000008000c14                DMA1_Channel6_IRQHandler
                0x0000000008000c14                UART4_IRQHandler
                0x0000000008000c14                DMA2_Channel4_IRQHandler
                0x0000000008000c14                TIM3_IRQHandler
                0x0000000008000c14                RCC_IRQHandler
                0x0000000008000c14                DMA1_Channel1_IRQHandler
                0x0000000008000c14                Default_Handler
                0x0000000008000c14                DMA2_Channel7_IRQHandler
                0x0000000008000c14                EXTI15_10_IRQHandler
                0x0000000008000c14                TIM7_IRQHandler
                0x0000000008000c14                SDMMC1_IRQHandler
                0x0000000008000c14                TIM5_IRQHandler
                0x0000000008000c14                I2C3_EV_IRQHandler
                0x0000000008000c14                EXTI9_5_IRQHandler
                0x0000000008000c14                RTC_WKUP_IRQHandler
                0x0000000008000c14                PVD_PVM_IRQHandler
                0x0000000008000c14                SPI2_IRQHandler
                0x0000000008000c14                CAN1_TX_IRQHandler
                0x0000000008000c14                DMA2_Channel5_IRQHandler
                0x0000000008000c14                DMA1_Channel5_IRQHandler
                0x0000000008000c14                EXTI4_IRQHandler
                0x0000000008000c14                RNG_IRQHandler
                0x0000000008000c14                TIM1_TRG_COM_TIM17_IRQHandler
                0x0000000008000c14                DMA1_Channel3_IRQHandler
                0x0000000008000c14                COMP_IRQHandler
                0x0000000008000c14                WWDG_IRQHandler
                0x0000000008000c14                LPUART1_IRQHandler
                0x0000000008000c14                DMA2_Channel6_IRQHandler
                0x0000000008000c14                TIM2_IRQHandler
                0x0000000008000c14                EXTI1_IRQHandler
                0x0000000008000c14                DFSDM1_FLT0_IRQHandler
                0x0000000008000c14                I2C2_ER_IRQHandler
                0x0000000008000c14                DMA1_Channel2_IRQHandler
                0x0000000008000c14                TIM8_BRK_IRQHandler
                0x0000000008000c14                CAN1_SCE_IRQHandler
                0x0000000008000c14                FLASH_IRQHandler
                0x0000000008000c14                USART1_IRQHandler
                0x0000000008000c14                OTG_FS_IRQHandler
                0x0000000008000c14                SPI3_IRQHandler
                0x0000000008000c14                I2C1_ER_IRQHandler
                0x0000000008000c14                FMC_IRQHandler
                0x0000000008000c14                SWPMI1_IRQHandler
                0x0000000008000c14                LPTIM1_IRQHandler
                0x0000000008000c14                SAI1_IRQHandler
                0x0000000008000c14                DMA2_Channel3_IRQHandler
                0x0000000008000c14                TIM1_BRK_TIM15_IRQHandler
 *fill*         0x0000000008000c16        0x2 
 .text.HAL_Init
                0x0000000008000c18       0x40 Drivers/STM32L4xx_HAL_Driver/Src/stm32l4xx_hal.o
                0x0000000008000c18                HAL_Init
 .text.HAL_IncTick
                0x0000000008000c58       0x28 Drivers/STM32L4xx_HAL_Driver/Src/stm32l4xx_hal.o
                0x0000000008000c58                HAL_IncTick
 .text.HAL_GetTick
                0x0000000008000c80       0x18 Drivers/STM32L4xx_HAL_Driver/Src/stm32l4xx_hal.o
                0x0000000008000c80                HAL_GetTick
 .text.__NVIC_SetPriorityGrouping
                0x0000000008000c98       0x48 Drivers/STM32L4xx_HAL_Driver/Src/stm32l4xx_hal_cortex.o
 .text.__NVIC_GetPriorityGrouping
                0x0000000008000ce0       0x1c Drivers/STM32L4xx_HAL_Driver/Src/stm32l4xx_hal_cortex.o
 .text.__NVIC_EnableIRQ
                0x0000000008000cfc       0x3c Drivers/STM32L4xx_HAL_Driver/Src/stm32l4xx_hal_cortex.o
 .text.__NVIC_SetPriority
                0x0000000008000d38       0x54 Drivers/STM32L4xx_HAL_Driver/Src/stm32l4xx_hal_cortex.o
 .text.NVIC_EncodePriority
                0x0000000008000d8c       0x66 Drivers/STM32L4xx_HAL_Driver/Src/stm32l4xx_hal_cortex.o
 .text.HAL_NVIC_SetPriorityGrouping
                0x0000000008000df2       0x16 Drivers/STM32L4xx_HAL_Driver/Src/stm32l4xx_hal_cortex.o
                0x0000000008000df2                HAL_NVIC_SetPriorityGrouping
 .text.HAL_NVIC_SetPriority
                0x0000000008000e08       0x38 Drivers/STM32L4xx_HAL_Driver/Src/stm32l4xx_hal_cortex.o
                0x0000000008000e08                HAL_NVIC_SetPriority
 .text.HAL_NVIC_EnableIRQ
                0x0000000008000e40       0x1c Drivers/STM32L4xx_HAL_Driver/Src/stm32l4xx_hal_cortex.o
                0x0000000008000e40                HAL_NVIC_EnableIRQ
 .text.HAL_DMA_Abort
                0x0000000008000e5c       0x7c Drivers/STM32L4xx_HAL_Driver/Src/stm32l4xx_hal_dma.o
                0x0000000008000e5c                HAL_DMA_Abort
 .text.HAL_DMA_Abort_IT
                0x0000000008000ed8       0x82 Drivers/STM32L4xx_HAL_Driver/Src/stm32l4xx_hal_dma.o
                0x0000000008000ed8                HAL_DMA_Abort_IT
 *fill*         0x0000000008000f5a        0x2 
 .text.HAL_GPIO_Init
                0x0000000008000f5c      0x354 Drivers/STM32L4xx_HAL_Driver/Src/stm32l4xx_hal_gpio.o
                0x0000000008000f5c                HAL_GPIO_Init
 .text.HAL_GPIO_WritePin
                0x00000000080012b0       0x30 Drivers/STM32L4xx_HAL_Driver/Src/stm32l4xx_hal_gpio.o
                0x00000000080012b0                HAL_GPIO_WritePin
 .text.HAL_GPIO_TogglePin
                0x00000000080012e0       0x34 Drivers/STM32L4xx_HAL_Driver/Src/stm32l4xx_hal_gpio.o
                0x00000000080012e0                HAL_GPIO_TogglePin
 .text.HAL_PWREx_GetVoltageRange
                0x0000000008001314       0x1c Drivers/STM32L4xx_HAL_Driver/Src/stm32l4xx_hal_pwr_ex.o
                0x0000000008001314                HAL_PWREx_GetVoltageRange
 .text.HAL_PWREx_ControlVoltageScaling
                0x0000000008001330       0xac Drivers/STM32L4xx_HAL_Driver/Src/stm32l4xx_hal_pwr_ex.o
                0x0000000008001330                HAL_PWREx_ControlVoltageScaling
 .text.HAL_RCC_OscConfig
                0x00000000080013dc      0x7cc Drivers/STM32L4xx_HAL_Driver/Src/stm32l4xx_hal_rcc.o
                0x00000000080013dc                HAL_RCC_OscConfig
 .text.HAL_RCC_ClockConfig
                0x0000000008001ba8      0x1c4 Drivers/STM32L4xx_HAL_Driver/Src/stm32l4xx_hal_rcc.o
                0x0000000008001ba8                HAL_RCC_ClockConfig
 .text.HAL_RCC_GetSysClockFreq
                0x0000000008001d6c      0x118 Drivers/STM32L4xx_HAL_Driver/Src/stm32l4xx_hal_rcc.o
                0x0000000008001d6c                HAL_RCC_GetSysClockFreq
 .text.HAL_RCC_GetHCLKFreq
                0x0000000008001e84       0x18 Drivers/STM32L4xx_HAL_Driver/Src/stm32l4xx_hal_rcc.o
                0x0000000008001e84                HAL_RCC_GetHCLKFreq
 .text.HAL_RCC_GetPCLK1Freq
                0x0000000008001e9c       0x2c Drivers/STM32L4xx_HAL_Driver/Src/stm32l4xx_hal_rcc.o
                0x0000000008001e9c                HAL_RCC_GetPCLK1Freq
 .text.HAL_RCC_GetPCLK2Freq
                0x0000000008001ec8       0x2c Drivers/STM32L4xx_HAL_Driver/Src/stm32l4xx_hal_rcc.o
                0x0000000008001ec8                HAL_RCC_GetPCLK2Freq
 .text.HAL_RCC_GetClockConfig
                0x0000000008001ef4       0x64 Drivers/STM32L4xx_HAL_Driver/Src/stm32l4xx_hal_rcc.o
                0x0000000008001ef4                HAL_RCC_GetClockConfig
 .text.RCC_SetFlashLatencyFromMSIRange
                0x0000000008001f58       0xc0 Drivers/STM32L4xx_HAL_Driver/Src/stm32l4xx_hal_rcc.o
 .text.HAL_RCCEx_PeriphCLKConfig
                0x0000000008002018      0x5d4 Drivers/STM32L4xx_HAL_Driver/Src/stm32l4xx_hal_rcc_ex.o
                0x0000000008002018                HAL_RCCEx_PeriphCLKConfig
 .text.RCCEx_PLLSAI1_Config
                0x00000000080025ec      0x1e8 Drivers/STM32L4xx_HAL_Driver/Src/stm32l4xx_hal_rcc_ex.o
 .text.RCCEx_PLLSAI2_Config
                0x00000000080027d4      0x1bc Drivers/STM32L4xx_HAL_Driver/Src/stm32l4xx_hal_rcc_ex.o
 .text.HAL_TIM_Base_Init
                0x0000000008002990       0xae Drivers/STM32L4xx_HAL_Driver/Src/stm32l4xx_hal_tim.o
                0x0000000008002990                HAL_TIM_Base_Init
 .text.HAL_TIM_Base_MspInit
                0x0000000008002a3e       0x14 Drivers/STM32L4xx_HAL_Driver/Src/stm32l4xx_hal_tim.o
                0x0000000008002a3e                HAL_TIM_Base_MspInit
 *fill*         0x0000000008002a52        0x2 
 .text.HAL_TIM_Base_Start_IT
                0x0000000008002a54       0xe0 Drivers/STM32L4xx_HAL_Driver/Src/stm32l4xx_hal_tim.o
                0x0000000008002a54                HAL_TIM_Base_Start_IT
 .text.HAL_TIM_IRQHandler
                0x0000000008002b34      0x23e Drivers/STM32L4xx_HAL_Driver/Src/stm32l4xx_hal_tim.o
                0x0000000008002b34                HAL_TIM_IRQHandler
 .text.HAL_TIM_OC_DelayElapsedCallback
                0x0000000008002d72       0x14 Drivers/STM32L4xx_HAL_Driver/Src/stm32l4xx_hal_tim.o
                0x0000000008002d72                HAL_TIM_OC_DelayElapsedCallback
 .text.HAL_TIM_IC_CaptureCallback
                0x0000000008002d86       0x14 Drivers/STM32L4xx_HAL_Driver/Src/stm32l4xx_hal_tim.o
                0x0000000008002d86                HAL_TIM_IC_CaptureCallback
 .text.HAL_TIM_PWM_PulseFinishedCallback
                0x0000000008002d9a       0x14 Drivers/STM32L4xx_HAL_Driver/Src/stm32l4xx_hal_tim.o
                0x0000000008002d9a                HAL_TIM_PWM_PulseFinishedCallback
 .text.HAL_TIM_TriggerCallback
                0x0000000008002dae       0x14 Drivers/STM32L4xx_HAL_Driver/Src/stm32l4xx_hal_tim.o
                0x0000000008002dae                HAL_TIM_TriggerCallback
 *fill*         0x0000000008002dc2        0x2 
 .text.TIM_Base_SetConfig
                0x0000000008002dc4      0x134 Drivers/STM32L4xx_HAL_Driver/Src/stm32l4xx_hal_tim.o
                0x0000000008002dc4                TIM_Base_SetConfig
 .text.HAL_TIMEx_CommutCallback
                0x0000000008002ef8       0x14 Drivers/STM32L4xx_HAL_Driver/Src/stm32l4xx_hal_tim_ex.o
                0x0000000008002ef8                HAL_TIMEx_CommutCallback
 .text.HAL_TIMEx_BreakCallback
                0x0000000008002f0c       0x14 Drivers/STM32L4xx_HAL_Driver/Src/stm32l4xx_hal_tim_ex.o
                0x0000000008002f0c                HAL_TIMEx_BreakCallback
 .text.HAL_TIMEx_Break2Callback
                0x0000000008002f20       0x14 Drivers/STM32L4xx_HAL_Driver/Src/stm32l4xx_hal_tim_ex.o
                0x0000000008002f20                HAL_TIMEx_Break2Callback
 .text.HAL_UART_Init
                0x0000000008002f34       0x9c Drivers/STM32L4xx_HAL_Driver/Src/stm32l4xx_hal_uart.o
                0x0000000008002f34                HAL_UART_Init
 .text.HAL_UART_Transmit
                0x0000000008002fd0      0x128 Drivers/STM32L4xx_HAL_Driver/Src/stm32l4xx_hal_uart.o
                0x0000000008002fd0                HAL_UART_Transmit
 .text.HAL_UART_Receive_IT
                0x00000000080030f8       0x88 Drivers/STM32L4xx_HAL_Driver/Src/stm32l4xx_hal_uart.o
                0x00000000080030f8                HAL_UART_Receive_IT
 .text.HAL_UART_IRQHandler
                0x0000000008003180      0x404 Drivers/STM32L4xx_HAL_Driver/Src/stm32l4xx_hal_uart.o
                0x0000000008003180                HAL_UART_IRQHandler
 .text.HAL_UART_TxCpltCallback
                0x0000000008003584       0x14 Drivers/STM32L4xx_HAL_Driver/Src/stm32l4xx_hal_uart.o
                0x0000000008003584                HAL_UART_TxCpltCallback
 .text.HAL_UARTEx_RxEventCallback
                0x0000000008003598       0x18 Drivers/STM32L4xx_HAL_Driver/Src/stm32l4xx_hal_uart.o
                0x0000000008003598                HAL_UARTEx_RxEventCallback
 .text.UART_SetConfig
                0x00000000080035b0      0x514 Drivers/STM32L4xx_HAL_Driver/Src/stm32l4xx_hal_uart.o
                0x00000000080035b0                UART_SetConfig
 .text.UART_AdvFeatureConfig
                0x0000000008003ac4      0x144 Drivers/STM32L4xx_HAL_Driver/Src/stm32l4xx_hal_uart.o
                0x0000000008003ac4                UART_AdvFeatureConfig
 .text.UART_CheckIdleState
                0x0000000008003c08       0x92 Drivers/STM32L4xx_HAL_Driver/Src/stm32l4xx_hal_uart.o
                0x0000000008003c08                UART_CheckIdleState
 .text.UART_WaitOnFlagUntilTimeout
                0x0000000008003c9a       0xf8 Drivers/STM32L4xx_HAL_Driver/Src/stm32l4xx_hal_uart.o
                0x0000000008003c9a                UART_WaitOnFlagUntilTimeout
 *fill*         0x0000000008003d92        0x2 
 .text.UART_Start_Receive_IT
                0x0000000008003d94      0x110 Drivers/STM32L4xx_HAL_Driver/Src/stm32l4xx_hal_uart.o
                0x0000000008003d94                UART_Start_Receive_IT
 .text.UART_EndRxTransfer
                0x0000000008003ea4       0x5e Drivers/STM32L4xx_HAL_Driver/Src/stm32l4xx_hal_uart.o
 .text.UART_DMAAbortOnError
                0x0000000008003f02       0x2c Drivers/STM32L4xx_HAL_Driver/Src/stm32l4xx_hal_uart.o
 .text.UART_EndTransmit_IT
                0x0000000008003f2e       0x32 Drivers/STM32L4xx_HAL_Driver/Src/stm32l4xx_hal_uart.o
 .text.UART_RxISR_8BIT
                0x0000000008003f60       0xd8 Drivers/STM32L4xx_HAL_Driver/Src/stm32l4xx_hal_uart.o
 .text.UART_RxISR_16BIT
                0x0000000008004038       0xd8 Drivers/STM32L4xx_HAL_Driver/Src/stm32l4xx_hal_uart.o
 .text.HAL_UARTEx_WakeupCallback
                0x0000000008004110       0x14 Drivers/STM32L4xx_HAL_Driver/Src/stm32l4xx_hal_uart_ex.o
                0x0000000008004110                HAL_UARTEx_WakeupCallback
 .text.makeFreeRtosPriority
                0x0000000008004124       0x30 Middlewares/Third_Party/FreeRTOS/Source/CMSIS_RTOS/cmsis_os.o
 .text.osKernelStart
                0x0000000008004154        0xe Middlewares/Third_Party/FreeRTOS/Source/CMSIS_RTOS/cmsis_os.o
                0x0000000008004154                osKernelStart
 .text.osThreadCreate
                0x0000000008004162       0x98 Middlewares/Third_Party/FreeRTOS/Source/CMSIS_RTOS/cmsis_os.o
                0x0000000008004162                osThreadCreate
 .text.osDelay  0x00000000080041fa       0x28 Middlewares/Third_Party/FreeRTOS/Source/CMSIS_RTOS/cmsis_os.o
                0x00000000080041fa                osDelay
 .text.vListInitialise
                0x0000000008004222       0x40 Middlewares/Third_Party/FreeRTOS/Source/list.o
                0x0000000008004222                vListInitialise
 .text.vListInitialiseItem
                0x0000000008004262       0x1a Middlewares/Third_Party/FreeRTOS/Source/list.o
                0x0000000008004262                vListInitialiseItem
 .text.vListInsertEnd
                0x000000000800427c       0x48 Middlewares/Third_Party/FreeRTOS/Source/list.o
                0x000000000800427c                vListInsertEnd
 .text.vListInsert
                0x00000000080042c4       0x72 Middlewares/Third_Party/FreeRTOS/Source/list.o
                0x00000000080042c4                vListInsert
 .text.uxListRemove
                0x0000000008004336       0x54 Middlewares/Third_Party/FreeRTOS/Source/list.o
                0x0000000008004336                uxListRemove
 *fill*         0x000000000800438a        0x2 
 .text.xQueueGenericReset
                0x000000000800438c       0xd0 Middlewares/Third_Party/FreeRTOS/Source/queue.o
                0x000000000800438c                xQueueGenericReset
 .text.xQueueGenericCreate
                0x000000000800445c       0x74 Middlewares/Third_Party/FreeRTOS/Source/queue.o
                0x000000000800445c                xQueueGenericCreate
 .text.prvInitialiseNewQueue
                0x00000000080044d0       0x3e Middlewares/Third_Party/FreeRTOS/Source/queue.o
 .text.xQueueGiveFromISR
                0x000000000800450e      0x11a Middlewares/Third_Party/FreeRTOS/Source/queue.o
                0x000000000800450e                xQueueGiveFromISR
 .text.xQueueSemaphoreTake
                0x0000000008004628      0x218 Middlewares/Third_Party/FreeRTOS/Source/queue.o
                0x0000000008004628                xQueueSemaphoreTake
 .text.prvGetDisinheritPriorityAfterTimeout
                0x0000000008004840       0x30 Middlewares/Third_Party/FreeRTOS/Source/queue.o
 .text.prvUnlockQueue
                0x0000000008004870       0xa4 Middlewares/Third_Party/FreeRTOS/Source/queue.o
 .text.prvIsQueueEmpty
                0x0000000008004914       0x2c Middlewares/Third_Party/FreeRTOS/Source/queue.o
 .text.xTaskCreateStatic
                0x0000000008004940       0xba Middlewares/Third_Party/FreeRTOS/Source/tasks.o
                0x0000000008004940                xTaskCreateStatic
 .text.xTaskCreate
                0x00000000080049fa       0x8a Middlewares/Third_Party/FreeRTOS/Source/tasks.o
                0x00000000080049fa                xTaskCreate
 .text.prvInitialiseNewTask
                0x0000000008004a84      0x10e Middlewares/Third_Party/FreeRTOS/Source/tasks.o
 *fill*         0x0000000008004b92        0x2 
 .text.prvAddNewTaskToReadyList
                0x0000000008004b94       0xd4 Middlewares/Third_Party/FreeRTOS/Source/tasks.o
 .text.vTaskDelay
                0x0000000008004c68       0x68 Middlewares/Third_Party/FreeRTOS/Source/tasks.o
                0x0000000008004c68                vTaskDelay
 .text.vTaskStartScheduler
                0x0000000008004cd0       0xc0 Middlewares/Third_Party/FreeRTOS/Source/tasks.o
                0x0000000008004cd0                vTaskStartScheduler
 .text.vTaskSuspendAll
                0x0000000008004d90       0x1c Middlewares/Third_Party/FreeRTOS/Source/tasks.o
                0x0000000008004d90                vTaskSuspendAll
 .text.xTaskResumeAll
                0x0000000008004dac      0x138 Middlewares/Third_Party/FreeRTOS/Source/tasks.o
                0x0000000008004dac                xTaskResumeAll
 .text.xTaskIncrementTick
                0x0000000008004ee4      0x170 Middlewares/Third_Party/FreeRTOS/Source/tasks.o
                0x0000000008004ee4                xTaskIncrementTick
 .text.vTaskSwitchContext
                0x0000000008005054       0xb8 Middlewares/Third_Party/FreeRTOS/Source/tasks.o
                0x0000000008005054                vTaskSwitchContext
 .text.vTaskPlaceOnEventList
                0x000000000800510c       0x48 Middlewares/Third_Party/FreeRTOS/Source/tasks.o
                0x000000000800510c                vTaskPlaceOnEventList
 .text.xTaskRemoveFromEventList
                0x0000000008005154       0xc4 Middlewares/Third_Party/FreeRTOS/Source/tasks.o
                0x0000000008005154                xTaskRemoveFromEventList
 .text.vTaskInternalSetTimeOutState
                0x0000000008005218       0x2c Middlewares/Third_Party/FreeRTOS/Source/tasks.o
                0x0000000008005218                vTaskInternalSetTimeOutState
 .text.xTaskCheckForTimeOut
                0x0000000008005244       0xc4 Middlewares/Third_Party/FreeRTOS/Source/tasks.o
                0x0000000008005244                xTaskCheckForTimeOut
 .text.vTaskMissedYield
                0x0000000008005308       0x18 Middlewares/Third_Party/FreeRTOS/Source/tasks.o
                0x0000000008005308                vTaskMissedYield
 .text.prvIdleTask
                0x0000000008005320       0x30 Middlewares/Third_Party/FreeRTOS/Source/tasks.o
 .text.prvInitialiseTaskLists
                0x0000000008005350       0x80 Middlewares/Third_Party/FreeRTOS/Source/tasks.o
 .text.prvCheckTasksWaitingTermination
                0x00000000080053d0       0x5c Middlewares/Third_Party/FreeRTOS/Source/tasks.o
 .text.prvDeleteTCB
                0x000000000800542c       0x5e Middlewares/Third_Party/FreeRTOS/Source/tasks.o
 *fill*         0x000000000800548a        0x2 
 .text.prvResetNextTaskUnblockTime
                0x000000000800548c       0x40 Middlewares/Third_Party/FreeRTOS/Source/tasks.o
 .text.xTaskGetSchedulerState
                0x00000000080054cc       0x3c Middlewares/Third_Party/FreeRTOS/Source/tasks.o
                0x00000000080054cc                xTaskGetSchedulerState
 .text.xTaskPriorityInherit
                0x0000000008005508       0xec Middlewares/Third_Party/FreeRTOS/Source/tasks.o
                0x0000000008005508                xTaskPriorityInherit
 .text.vTaskPriorityDisinheritAfterTimeout
                0x00000000080055f4      0x11c Middlewares/Third_Party/FreeRTOS/Source/tasks.o
                0x00000000080055f4                vTaskPriorityDisinheritAfterTimeout
 .text.pvTaskIncrementMutexHeldCount
                0x0000000008005710       0x28 Middlewares/Third_Party/FreeRTOS/Source/tasks.o
                0x0000000008005710                pvTaskIncrementMutexHeldCount
 .text.prvAddCurrentTaskToDelayedList
                0x0000000008005738       0xcc Middlewares/Third_Party/FreeRTOS/Source/tasks.o
 .text.pxPortInitialiseStack
                0x0000000008005804       0x68 Middlewares/Third_Party/FreeRTOS/Source/portable/GCC/ARM_CM4F/port.o
                0x0000000008005804                pxPortInitialiseStack
 .text.prvTaskExitError
                0x000000000800586c       0x58 Middlewares/Third_Party/FreeRTOS/Source/portable/GCC/ARM_CM4F/port.o
 *fill*         0x00000000080058c4        0xc 
 .text.SVC_Handler
                0x00000000080058d0       0x28 Middlewares/Third_Party/FreeRTOS/Source/portable/GCC/ARM_CM4F/port.o
                0x00000000080058d0                SVC_Handler
 .text.prvPortStartFirstTask
                0x00000000080058f8       0x28 Middlewares/Third_Party/FreeRTOS/Source/portable/GCC/ARM_CM4F/port.o
 .text.xPortStartScheduler
                0x0000000008005920      0x144 Middlewares/Third_Party/FreeRTOS/Source/portable/GCC/ARM_CM4F/port.o
                0x0000000008005920                xPortStartScheduler
 .text.vPortEnterCritical
                0x0000000008005a64       0x60 Middlewares/Third_Party/FreeRTOS/Source/portable/GCC/ARM_CM4F/port.o
                0x0000000008005a64                vPortEnterCritical
 .text.vPortExitCritical
                0x0000000008005ac4       0x54 Middlewares/Third_Party/FreeRTOS/Source/portable/GCC/ARM_CM4F/port.o
                0x0000000008005ac4                vPortExitCritical
 *fill*         0x0000000008005b18        0x8 
 .text.PendSV_Handler
                0x0000000008005b20       0x68 Middlewares/Third_Party/FreeRTOS/Source/portable/GCC/ARM_CM4F/port.o
                0x0000000008005b20                PendSV_Handler
 .text.SysTick_Handler
                0x0000000008005b88       0x44 Middlewares/Third_Party/FreeRTOS/Source/portable/GCC/ARM_CM4F/port.o
                0x0000000008005b88                SysTick_Handler
 .text.vPortSetupTimerInterrupt
                0x0000000008005bcc       0x48 Middlewares/Third_Party/FreeRTOS/Source/portable/GCC/ARM_CM4F/port.o
                0x0000000008005bcc                vPortSetupTimerInterrupt
 .text.vPortEnableVFP
                0x0000000008005c14       0x14 Middlewares/Third_Party/FreeRTOS/Source/portable/GCC/ARM_CM4F/port.o
 .text.vPortValidateInterruptPriority
                0x0000000008005c28       0x80 Middlewares/Third_Party/FreeRTOS/Source/portable/GCC/ARM_CM4F/port.o
                0x0000000008005c28                vPortValidateInterruptPriority
 .text.pvPortMalloc
                0x0000000008005ca8      0x198 Middlewares/Third_Party/FreeRTOS/Source/portable/MemMang/heap_4.o
                0x0000000008005ca8                pvPortMalloc
 .text.vPortFree
                0x0000000008005e40       0xc4 Middlewares/Third_Party/FreeRTOS/Source/portable/MemMang/heap_4.o
                0x0000000008005e40                vPortFree
 .text.prvHeapInit
                0x0000000008005f04       0xc4 Middlewares/Third_Party/FreeRTOS/Source/portable/MemMang/heap_4.o
 .text.prvInsertBlockIntoFreeList
                0x0000000008005fc8       0xb4 Middlewares/Third_Party/FreeRTOS/Source/portable/MemMang/heap_4.o
 .text.ModbusSlave_CreateCoilStatus
                0x000000000800607c       0xb4 Middlewares/Third_Party/Modbus/Core/ModbusApp.o
                0x000000000800607c                ModbusSlave_CreateCoilStatus
 .text.ModbusSlave_CreateHoldingRegister
                0x0000000008006130       0xb0 Middlewares/Third_Party/Modbus/Core/ModbusApp.o
                0x0000000008006130                ModbusSlave_CreateHoldingRegister
 .text.ModbusSlave_CreateInputRegister
                0x00000000080061e0       0xb0 Middlewares/Third_Party/Modbus/Core/ModbusApp.o
                0x00000000080061e0                ModbusSlave_CreateInputRegister
 .text.ModbusSlave_SetRegisterValue
                0x0000000008006290       0x44 Middlewares/Third_Party/Modbus/Core/ModbusApp.o
                0x0000000008006290                ModbusSlave_SetRegisterValue
 .text.ModbusSlave_SetRegisterValueByAddress
                0x00000000080062d4       0x50 Middlewares/Third_Party/Modbus/Core/ModbusApp.o
                0x00000000080062d4                ModbusSlave_SetRegisterValueByAddress
 .text.ModbusSlave_GetRegisterValueByAddress
                0x0000000008006324       0x4c Middlewares/Third_Party/Modbus/Core/ModbusApp.o
                0x0000000008006324                ModbusSlave_GetRegisterValueByAddress
 .text.ModbusSlave_GetRegister
                0x0000000008006370      0x128 Middlewares/Third_Party/Modbus/Core/ModbusApp.o
                0x0000000008006370                ModbusSlave_GetRegister
 .text.ModbusSlave_GetRegisterByAddress
                0x0000000008006498      0x148 Middlewares/Third_Party/Modbus/Core/ModbusApp.o
                0x0000000008006498                ModbusSlave_GetRegisterByAddress
 .text.ModbusCore_Process
                0x00000000080065e0       0xc8 Middlewares/Third_Party/Modbus/Core/ModbusCore.o
                0x00000000080065e0                ModbusCore_Process
 .text.ModbusCore_InvalidOperation
                0x00000000080066a8       0x56 Middlewares/Third_Party/Modbus/Core/ModbusCore.o
                0x00000000080066a8                ModbusCore_InvalidOperation
 .text.ModbusCore_ReadCoilStatus
                0x00000000080066fe      0x174 Middlewares/Third_Party/Modbus/Core/ModbusCore.o
                0x00000000080066fe                ModbusCore_ReadCoilStatus
 .text.ModbusCore_ReadInputStatus
                0x0000000008006872      0x174 Middlewares/Third_Party/Modbus/Core/ModbusCore.o
                0x0000000008006872                ModbusCore_ReadInputStatus
 .text.ModbusCore_ReadHoldingRegisters
                0x00000000080069e6      0x13c Middlewares/Third_Party/Modbus/Core/ModbusCore.o
                0x00000000080069e6                ModbusCore_ReadHoldingRegisters
 .text.ModbusCore_ReadInputRegisters
                0x0000000008006b22      0x13c Middlewares/Third_Party/Modbus/Core/ModbusCore.o
                0x0000000008006b22                ModbusCore_ReadInputRegisters
 .text.ModbusCore_WriteSingleCoil
                0x0000000008006c5e      0x110 Middlewares/Third_Party/Modbus/Core/ModbusCore.o
                0x0000000008006c5e                ModbusCore_WriteSingleCoil
 .text.ModbusCore_WriteSingleHoldingRegister
                0x0000000008006d6e       0xb0 Middlewares/Third_Party/Modbus/Core/ModbusCore.o
                0x0000000008006d6e                ModbusCore_WriteSingleHoldingRegister
 .text.ModbusCore_ClearPdu
                0x0000000008006e1e       0x24 Middlewares/Third_Party/Modbus/Core/ModbusCore.o
                0x0000000008006e1e                ModbusCore_ClearPdu
 .text.ModbusRtu_CheckCRC
                0x0000000008006e42       0x2c Middlewares/Third_Party/Modbus/RTU/Common/ModbusRtu_Common.o
                0x0000000008006e42                ModbusRtu_CheckCRC
 .text.ModbusRtu_CreateCRC
                0x0000000008006e6e       0x20 Middlewares/Third_Party/Modbus/RTU/Common/ModbusRtu_Common.o
                0x0000000008006e6e                ModbusRtu_CreateCRC
 .text.ModbusRtu_ConstructStruct
                0x0000000008006e8e       0x86 Middlewares/Third_Party/Modbus/RTU/Common/ModbusRtu_Common.o
                0x0000000008006e8e                ModbusRtu_ConstructStruct
 .text.ModbusRtu_CalculateCRC
                0x0000000008006f14       0x94 Middlewares/Third_Party/Modbus/RTU/Common/ModbusRtu_Common.o
                0x0000000008006f14                ModbusRtu_CalculateCRC
 .text.ModbusRtu_Slave_Init
                0x0000000008006fa8       0x8c Middlewares/Third_Party/Modbus/RTU/Slave/ModbusRtu_Slave.o
                0x0000000008006fa8                ModbusRtu_Slave_Init
 .text.ModbusRtu_Slave_ReceiveTask
                0x0000000008007034       0xb0 Middlewares/Third_Party/Modbus/RTU/Slave/ModbusRtu_Slave.o
                0x0000000008007034                ModbusRtu_Slave_ReceiveTask
 .text.ModbusRtu_Slave_onReceive
                0x00000000080070e4       0x18 Middlewares/Third_Party/Modbus/RTU/Slave/ModbusRtu_Slave.o
                0x00000000080070e4                ModbusRtu_Slave_onReceive
 .text.ModbusRtu_Slave_Receive
                0x00000000080070fc       0xc4 Middlewares/Third_Party/Modbus/RTU/Slave/ModbusRtu_Slave.o
                0x00000000080070fc                ModbusRtu_Slave_Receive
 .text.ModbusRtu_Slave_Transmit
                0x00000000080071c0       0xdc Middlewares/Third_Party/Modbus/RTU/Slave/ModbusRtu_Slave.o
                0x00000000080071c0                ModbusRtu_Slave_Transmit
 .text.ModbusRtu_Slave_CalculateRxBufferSize
                0x000000000800729c       0x9c Middlewares/Third_Party/Modbus/RTU/Slave/ModbusRtu_Slave.o
                0x000000000800729c                ModbusRtu_Slave_CalculateRxBufferSize
 .text.__libc_init_array
                0x0000000008007338       0x48 c:/st/stm32cubeide_1.4.0/stm32cubeide/plugins/com.st.stm32cube.ide.mcu.externaltools.gnu-tools-for-stm32.9-2020-q2-update.win32_1.5.0.202011040924/tools/bin/../lib/gcc/arm-none-eabi/9.3.1/../../../../arm-none-eabi/lib/thumb/v7e-m+fp/hard\libc_nano.a(lib_a-init.o)
                0x0000000008007338                __libc_init_array
 .text.memcpy   0x0000000008007380       0x1c c:/st/stm32cubeide_1.4.0/stm32cubeide/plugins/com.st.stm32cube.ide.mcu.externaltools.gnu-tools-for-stm32.9-2020-q2-update.win32_1.5.0.202011040924/tools/bin/../lib/gcc/arm-none-eabi/9.3.1/../../../../arm-none-eabi/lib/thumb/v7e-m+fp/hard\libc_nano.a(lib_a-memcpy-stub.o)
                0x0000000008007380                memcpy
 .text.memset   0x000000000800739c       0x10 c:/st/stm32cubeide_1.4.0/stm32cubeide/plugins/com.st.stm32cube.ide.mcu.externaltools.gnu-tools-for-stm32.9-2020-q2-update.win32_1.5.0.202011040924/tools/bin/../lib/gcc/arm-none-eabi/9.3.1/../../../../arm-none-eabi/lib/thumb/v7e-m+fp/hard\libc_nano.a(lib_a-memset.o)
                0x000000000800739c                memset
 *(.glue_7)
 .glue_7        0x00000000080073ac        0x0 linker stubs
 *(.glue_7t)
 .glue_7t       0x00000000080073ac        0x0 linker stubs
 *(.eh_frame)
 .eh_frame      0x00000000080073ac        0x0 c:/st/stm32cubeide_1.4.0/stm32cubeide/plugins/com.st.stm32cube.ide.mcu.externaltools.gnu-tools-for-stm32.9-2020-q2-update.win32_1.5.0.202011040924/tools/bin/../lib/gcc/arm-none-eabi/9.3.1/thumb/v7e-m+fp/hard/crtbegin.o
 *(.init)
 .init          0x00000000080073ac        0x4 c:/st/stm32cubeide_1.4.0/stm32cubeide/plugins/com.st.stm32cube.ide.mcu.externaltools.gnu-tools-for-stm32.9-2020-q2-update.win32_1.5.0.202011040924/tools/bin/../lib/gcc/arm-none-eabi/9.3.1/thumb/v7e-m+fp/hard/crti.o
                0x00000000080073ac                _init
 .init          0x00000000080073b0        0x8 c:/st/stm32cubeide_1.4.0/stm32cubeide/plugins/com.st.stm32cube.ide.mcu.externaltools.gnu-tools-for-stm32.9-2020-q2-update.win32_1.5.0.202011040924/tools/bin/../lib/gcc/arm-none-eabi/9.3.1/thumb/v7e-m+fp/hard/crtn.o
 *(.fini)
 .fini          0x00000000080073b8        0x4 c:/st/stm32cubeide_1.4.0/stm32cubeide/plugins/com.st.stm32cube.ide.mcu.externaltools.gnu-tools-for-stm32.9-2020-q2-update.win32_1.5.0.202011040924/tools/bin/../lib/gcc/arm-none-eabi/9.3.1/thumb/v7e-m+fp/hard/crti.o
                0x00000000080073b8                _fini
 .fini          0x00000000080073bc        0x8 c:/st/stm32cubeide_1.4.0/stm32cubeide/plugins/com.st.stm32cube.ide.mcu.externaltools.gnu-tools-for-stm32.9-2020-q2-update.win32_1.5.0.202011040924/tools/bin/../lib/gcc/arm-none-eabi/9.3.1/thumb/v7e-m+fp/hard/crtn.o
                0x00000000080073c4                . = ALIGN (0x4)
                0x00000000080073c4                _etext = .

.vfp11_veneer   0x00000000080073c4        0x0
 .vfp11_veneer  0x00000000080073c4        0x0 linker stubs

.v4_bx          0x00000000080073c4        0x0
 .v4_bx         0x00000000080073c4        0x0 linker stubs

.iplt           0x00000000080073c4        0x0
 .iplt          0x00000000080073c4        0x0 c:/st/stm32cubeide_1.4.0/stm32cubeide/plugins/com.st.stm32cube.ide.mcu.externaltools.gnu-tools-for-stm32.9-2020-q2-update.win32_1.5.0.202011040924/tools/bin/../lib/gcc/arm-none-eabi/9.3.1/thumb/v7e-m+fp/hard/crtbegin.o

.rodata         0x00000000080073c4       0x84
                0x00000000080073c4                . = ALIGN (0x4)
 *(.rodata)
 .rodata        0x00000000080073c4       0x28 Core/Src/main.o
 .rodata        0x00000000080073ec        0x5 Middlewares/Third_Party/FreeRTOS/Source/tasks.o
 *fill*         0x00000000080073f1        0x3 
 .rodata        0x00000000080073f4        0xc Middlewares/Third_Party/Modbus/RTU/Slave/ModbusRtu_Slave.o
 *(.rodata*)
 .rodata.AHBPrescTable
                0x0000000008007400       0x10 Core/Src/system_stm32l4xx.o
                0x0000000008007400                AHBPrescTable
 .rodata.APBPrescTable
                0x0000000008007410        0x8 Core/Src/system_stm32l4xx.o
                0x0000000008007410                APBPrescTable
 .rodata.MSIRangeTable
                0x0000000008007418       0x30 Core/Src/system_stm32l4xx.o
                0x0000000008007418                MSIRangeTable
                0x0000000008007448                . = ALIGN (0x4)

.ARM.extab      0x0000000008007448        0x0
                0x0000000008007448                . = ALIGN (0x4)
 *(.ARM.extab* .gnu.linkonce.armextab.*)
                0x0000000008007448                . = ALIGN (0x4)

.ARM            0x0000000008007448        0x8
                0x0000000008007448                . = ALIGN (0x4)
                0x0000000008007448                __exidx_start = .
 *(.ARM.exidx*)
 .ARM.exidx     0x0000000008007448        0x8 c:/st/stm32cubeide_1.4.0/stm32cubeide/plugins/com.st.stm32cube.ide.mcu.externaltools.gnu-tools-for-stm32.9-2020-q2-update.win32_1.5.0.202011040924/tools/bin/../lib/gcc/arm-none-eabi/9.3.1/thumb/v7e-m+fp/hard\libgcc.a(_udivmoddi4.o)
                0x0000000008007450                __exidx_end = .
                0x0000000008007450                . = ALIGN (0x4)

.rel.dyn        0x0000000008007450        0x0
 .rel.iplt      0x0000000008007450        0x0 c:/st/stm32cubeide_1.4.0/stm32cubeide/plugins/com.st.stm32cube.ide.mcu.externaltools.gnu-tools-for-stm32.9-2020-q2-update.win32_1.5.0.202011040924/tools/bin/../lib/gcc/arm-none-eabi/9.3.1/thumb/v7e-m+fp/hard/crtbegin.o

.preinit_array  0x0000000008007450        0x0
                0x0000000008007450                . = ALIGN (0x4)
                0x0000000008007450                PROVIDE (__preinit_array_start = .)
 *(.preinit_array*)
                0x0000000008007450                PROVIDE (__preinit_array_end = .)
                0x0000000008007450                . = ALIGN (0x4)

.init_array     0x0000000008007450        0x4
                0x0000000008007450                . = ALIGN (0x4)
                0x0000000008007450                PROVIDE (__init_array_start = .)
 *(SORT_BY_NAME(.init_array.*))
 *(.init_array*)
 .init_array    0x0000000008007450        0x4 c:/st/stm32cubeide_1.4.0/stm32cubeide/plugins/com.st.stm32cube.ide.mcu.externaltools.gnu-tools-for-stm32.9-2020-q2-update.win32_1.5.0.202011040924/tools/bin/../lib/gcc/arm-none-eabi/9.3.1/thumb/v7e-m+fp/hard/crtbegin.o
                0x0000000008007454                PROVIDE (__init_array_end = .)
                0x0000000008007454                . = ALIGN (0x4)

.fini_array     0x0000000008007454        0x4
                0x0000000008007454                . = ALIGN (0x4)
                [!provide]                        PROVIDE (__fini_array_start = .)
 *(SORT_BY_NAME(.fini_array.*))
 *(.fini_array*)
 .fini_array    0x0000000008007454        0x4 c:/st/stm32cubeide_1.4.0/stm32cubeide/plugins/com.st.stm32cube.ide.mcu.externaltools.gnu-tools-for-stm32.9-2020-q2-update.win32_1.5.0.202011040924/tools/bin/../lib/gcc/arm-none-eabi/9.3.1/thumb/v7e-m+fp/hard/crtbegin.o
                [!provide]                        PROVIDE (__fini_array_end = .)
                0x0000000008007458                . = ALIGN (0x4)
                0x0000000008007458                _sidata = LOADADDR (.data)

.data           0x0000000020000000      0x238 load address 0x0000000008007458
                0x0000000020000000                . = ALIGN (0x4)
                0x0000000020000000                _sdata = .
 *(.data)
 *(.data*)
 .data.coilCWRegHandle
                0x0000000020000000        0x4 Core/Src/main.o
                0x0000000020000000                coilCWRegHandle
 .data.coilCCWRegHandle
                0x0000000020000004        0x4 Core/Src/main.o
                0x0000000020000004                coilCCWRegHandle
 .data.currentDrawnByMotorRegHandle
                0x0000000020000008        0x4 Core/Src/main.o
                0x0000000020000008                currentDrawnByMotorRegHandle
 .data.activeResistanceValueRegHandle
                0x000000002000000c        0x4 Core/Src/main.o
                0x000000002000000c                activeResistanceValueRegHandle
 .data.currentValueRegHandle
                0x0000000020000010        0x4 Core/Src/main.o
                0x0000000020000010                currentValueRegHandle
 .data.inputVoltageRegHandle
                0x0000000020000014        0x4 Core/Src/main.o
                0x0000000020000014                inputVoltageRegHandle
 .data.motorStolCurrentRegHandle
                0x0000000020000018        0x4 Core/Src/main.o
                0x0000000020000018                motorStolCurrentRegHandle
 .data.motorStolTimeRegHandle
                0x000000002000001c        0x4 Core/Src/main.o
                0x000000002000001c                motorStolTimeRegHandle
 .data.pwmCWRegHandle
                0x0000000020000020        0x4 Core/Src/main.o
                0x0000000020000020                pwmCWRegHandle
 .data.pwmCCWRegHandle
                0x0000000020000024        0x4 Core/Src/main.o
                0x0000000020000024                pwmCCWRegHandle
 .data.SystemCoreClock
                0x0000000020000028        0x4 Core/Src/system_stm32l4xx.o
                0x0000000020000028                SystemCoreClock
 .data.uwTickPrio
                0x000000002000002c        0x4 Drivers/STM32L4xx_HAL_Driver/Src/stm32l4xx_hal.o
                0x000000002000002c                uwTickPrio
 .data.uwTickFreq
                0x0000000020000030        0x1 Drivers/STM32L4xx_HAL_Driver/Src/stm32l4xx_hal.o
                0x0000000020000030                uwTickFreq
 *fill*         0x0000000020000031        0x3 
 .data.uxCriticalNesting
                0x0000000020000034        0x4 Middlewares/Third_Party/FreeRTOS/Source/portable/GCC/ARM_CM4F/port.o
 .data._auchCRCHi
                0x0000000020000038      0x100 Middlewares/Third_Party/Modbus/RTU/Common/ModbusRtu_Common.o
                0x0000000020000038                _auchCRCHi
 .data._auchCRCLo
                0x0000000020000138      0x100 Middlewares/Third_Party/Modbus/RTU/Common/ModbusRtu_Common.o
                0x0000000020000138                _auchCRCLo
 *(.RamFunc)
 *(.RamFunc*)
                0x0000000020000238                . = ALIGN (0x4)
                0x0000000020000238                _edata = .

.igot.plt       0x0000000020000238        0x0 load address 0x0000000008007690
 .igot.plt      0x0000000020000238        0x0 c:/st/stm32cubeide_1.4.0/stm32cubeide/plugins/com.st.stm32cube.ide.mcu.externaltools.gnu-tools-for-stm32.9-2020-q2-update.win32_1.5.0.202011040924/tools/bin/../lib/gcc/arm-none-eabi/9.3.1/thumb/v7e-m+fp/hard/crtbegin.o
                0x0000000020000238                . = ALIGN (0x4)

.bss            0x0000000020000238     0x1528 load address 0x0000000008007690
                0x0000000020000238                _sbss = .
                0x0000000020000238                __bss_start__ = _sbss
 *(.bss)
 .bss           0x0000000020000238       0x1c c:/st/stm32cubeide_1.4.0/stm32cubeide/plugins/com.st.stm32cube.ide.mcu.externaltools.gnu-tools-for-stm32.9-2020-q2-update.win32_1.5.0.202011040924/tools/bin/../lib/gcc/arm-none-eabi/9.3.1/thumb/v7e-m+fp/hard/crtbegin.o
 *(.bss*)
 .bss.xIdleTaskTCBBuffer
                0x0000000020000254       0x54 Core/Src/freertos.o
 .bss.xIdleStack
                0x00000000200002a8      0x200 Core/Src/freertos.o
 .bss.coilCWVal
                0x00000000200004a8        0x1 Core/Src/main.o
                0x00000000200004a8                coilCWVal
 .bss.coilCCWVal
                0x00000000200004a9        0x1 Core/Src/main.o
                0x00000000200004a9                coilCCWVal
 .bss.currentDrawnByMotorVal
                0x00000000200004aa        0x2 Core/Src/main.o
                0x00000000200004aa                currentDrawnByMotorVal
 .bss.activeResistanceVal
                0x00000000200004ac        0x2 Core/Src/main.o
                0x00000000200004ac                activeResistanceVal
 .bss.currentVal
                0x00000000200004ae        0x2 Core/Src/main.o
                0x00000000200004ae                currentVal
 .bss.inputVoltageVal
                0x00000000200004b0        0x2 Core/Src/main.o
                0x00000000200004b0                inputVoltageVal
 .bss.motorStolCurrentVal
                0x00000000200004b2        0x2 Core/Src/main.o
                0x00000000200004b2                motorStolCurrentVal
 .bss.motorStolTimeVal
                0x00000000200004b4        0x2 Core/Src/main.o
                0x00000000200004b4                motorStolTimeVal
 .bss.pwmCWVal  0x00000000200004b6        0x2 Core/Src/main.o
                0x00000000200004b6                pwmCWVal
 .bss.pwmCCWVal
                0x00000000200004b8        0x2 Core/Src/main.o
                0x00000000200004b8                pwmCCWVal
 *fill*         0x00000000200004ba        0x2 
 .bss.pxCurrentTCB
                0x00000000200004bc        0x4 Middlewares/Third_Party/FreeRTOS/Source/tasks.o
                0x00000000200004bc                pxCurrentTCB
 .bss.pxReadyTasksLists
                0x00000000200004c0       0x8c Middlewares/Third_Party/FreeRTOS/Source/tasks.o
 .bss.xDelayedTaskList1
                0x000000002000054c       0x14 Middlewares/Third_Party/FreeRTOS/Source/tasks.o
 .bss.xDelayedTaskList2
                0x0000000020000560       0x14 Middlewares/Third_Party/FreeRTOS/Source/tasks.o
 .bss.pxDelayedTaskList
                0x0000000020000574        0x4 Middlewares/Third_Party/FreeRTOS/Source/tasks.o
 .bss.pxOverflowDelayedTaskList
                0x0000000020000578        0x4 Middlewares/Third_Party/FreeRTOS/Source/tasks.o
 .bss.xPendingReadyList
                0x000000002000057c       0x14 Middlewares/Third_Party/FreeRTOS/Source/tasks.o
 .bss.xTasksWaitingTermination
                0x0000000020000590       0x14 Middlewares/Third_Party/FreeRTOS/Source/tasks.o
 .bss.uxDeletedTasksWaitingCleanUp
                0x00000000200005a4        0x4 Middlewares/Third_Party/FreeRTOS/Source/tasks.o
 .bss.xSuspendedTaskList
                0x00000000200005a8       0x14 Middlewares/Third_Party/FreeRTOS/Source/tasks.o
 .bss.uxCurrentNumberOfTasks
                0x00000000200005bc        0x4 Middlewares/Third_Party/FreeRTOS/Source/tasks.o
 .bss.xTickCount
                0x00000000200005c0        0x4 Middlewares/Third_Party/FreeRTOS/Source/tasks.o
 .bss.uxTopReadyPriority
                0x00000000200005c4        0x4 Middlewares/Third_Party/FreeRTOS/Source/tasks.o
 .bss.xSchedulerRunning
                0x00000000200005c8        0x4 Middlewares/Third_Party/FreeRTOS/Source/tasks.o
 .bss.xPendedTicks
                0x00000000200005cc        0x4 Middlewares/Third_Party/FreeRTOS/Source/tasks.o
 .bss.xYieldPending
                0x00000000200005d0        0x4 Middlewares/Third_Party/FreeRTOS/Source/tasks.o
 .bss.xNumOfOverflows
                0x00000000200005d4        0x4 Middlewares/Third_Party/FreeRTOS/Source/tasks.o
 .bss.uxTaskNumber
                0x00000000200005d8        0x4 Middlewares/Third_Party/FreeRTOS/Source/tasks.o
 .bss.xNextTaskUnblockTime
                0x00000000200005dc        0x4 Middlewares/Third_Party/FreeRTOS/Source/tasks.o
 .bss.xIdleTaskHandle
                0x00000000200005e0        0x4 Middlewares/Third_Party/FreeRTOS/Source/tasks.o
 .bss.uxSchedulerSuspended
                0x00000000200005e4        0x4 Middlewares/Third_Party/FreeRTOS/Source/tasks.o
 .bss.ucMaxSysCallPriority
                0x00000000200005e8        0x1 Middlewares/Third_Party/FreeRTOS/Source/portable/GCC/ARM_CM4F/port.o
 *fill*         0x00000000200005e9        0x3 
 .bss.ulMaxPRIGROUPValue
                0x00000000200005ec        0x4 Middlewares/Third_Party/FreeRTOS/Source/portable/GCC/ARM_CM4F/port.o
 .bss.ucHeap    0x00000000200005f0      0xbb8 Middlewares/Third_Party/FreeRTOS/Source/portable/MemMang/heap_4.o
 .bss.xStart    0x00000000200011a8        0x8 Middlewares/Third_Party/FreeRTOS/Source/portable/MemMang/heap_4.o
 .bss.pxEnd     0x00000000200011b0        0x4 Middlewares/Third_Party/FreeRTOS/Source/portable/MemMang/heap_4.o
 .bss.xFreeBytesRemaining
                0x00000000200011b4        0x4 Middlewares/Third_Party/FreeRTOS/Source/portable/MemMang/heap_4.o
 .bss.xMinimumEverFreeBytesRemaining
                0x00000000200011b8        0x4 Middlewares/Third_Party/FreeRTOS/Source/portable/MemMang/heap_4.o
 .bss.xNumberOfSuccessfulAllocations
                0x00000000200011bc        0x4 Middlewares/Third_Party/FreeRTOS/Source/portable/MemMang/heap_4.o
 .bss.xNumberOfSuccessfulFrees
                0x00000000200011c0        0x4 Middlewares/Third_Party/FreeRTOS/Source/portable/MemMang/heap_4.o
 .bss.xBlockAllocatedBit
                0x00000000200011c4        0x4 Middlewares/Third_Party/FreeRTOS/Source/portable/MemMang/heap_4.o
 .bss.expectedFrameSize
                0x00000000200011c8        0x4 Middlewares/Third_Party/Modbus/RTU/Slave/ModbusRtu_Slave.o
                0x00000000200011c8                expectedFrameSize
 .bss.xHigherPriorityTaskWoken.9838
                0x00000000200011cc        0x4 Middlewares/Third_Party/Modbus/RTU/Slave/ModbusRtu_Slave.o
 *(COMMON)
 COMMON         0x00000000200011d0       0x98 Core/Src/main.o
                0x00000000200011d0                defaultTaskHandle
                0x00000000200011d4                _rtuConfig
                0x00000000200011e4                huart2
 COMMON         0x0000000020001268       0x4c Core/Src/stm32l4xx_hal_timebase_tim.o
                0x0000000020001268                htim6
 COMMON         0x00000000200012b4        0x4 Drivers/STM32L4xx_HAL_Driver/Src/stm32l4xx_hal.o
                0x00000000200012b4                uwTick
 COMMON         0x00000000200012b8      0x400 Middlewares/Third_Party/Modbus/Core/ModbusApp.o
                0x00000000200012b8                _inputRegisters
                0x00000000200013b8                _holdingRegisters
                0x00000000200014b8                _coilStatusRegisters
                0x00000000200015b8                _inputStatusRegisters
 COMMON         0x00000000200016b8       0xa6 Middlewares/Third_Party/Modbus/RTU/Slave/ModbusRtu_Slave.o
                0x00000000200016b8                _config
                0x00000000200016c8                _lastPackageTick
                0x00000000200016d0                _modbusRtuTaskHandle
                0x00000000200016d4                _rtuRxSmpHandle
                0x00000000200016d8                _rxByte
                0x00000000200016dc                _rtuRxBuffer
                0x0000000020001760                . = ALIGN (0x4)
 *fill*         0x000000002000175e        0x2 
                0x0000000020001760                _ebss = .
                0x0000000020001760                __bss_end__ = _ebss

._user_heap_stack
                0x0000000020001760      0x600 load address 0x0000000008007690
                0x0000000020001760                . = ALIGN (0x8)
                [!provide]                        PROVIDE (end = .)
                0x0000000020001760                PROVIDE (_end = .)
                0x0000000020001960                . = (. + _Min_Heap_Size)
 *fill*         0x0000000020001760      0x200 
                0x0000000020001d60                . = (. + _Min_Stack_Size)
 *fill*         0x0000000020001960      0x400 
                0x0000000020001d60                . = ALIGN (0x8)

/DISCARD/
 libc.a(*)
 libm.a(*)
 libgcc.a(*)

.ARM.attributes
                0x0000000000000000       0x30
 *(.ARM.attributes)
 .ARM.attributes
                0x0000000000000000       0x1e c:/st/stm32cubeide_1.4.0/stm32cubeide/plugins/com.st.stm32cube.ide.mcu.externaltools.gnu-tools-for-stm32.9-2020-q2-update.win32_1.5.0.202011040924/tools/bin/../lib/gcc/arm-none-eabi/9.3.1/thumb/v7e-m+fp/hard/crti.o
 .ARM.attributes
                0x000000000000001e       0x34 c:/st/stm32cubeide_1.4.0/stm32cubeide/plugins/com.st.stm32cube.ide.mcu.externaltools.gnu-tools-for-stm32.9-2020-q2-update.win32_1.5.0.202011040924/tools/bin/../lib/gcc/arm-none-eabi/9.3.1/thumb/v7e-m+fp/hard/crtbegin.o
 .ARM.attributes
                0x0000000000000052       0x34 Core/Src/freertos.o
 .ARM.attributes
                0x0000000000000086       0x34 Core/Src/main.o
 .ARM.attributes
                0x00000000000000ba       0x34 Core/Src/stm32l4xx_hal_msp.o
 .ARM.attributes
                0x00000000000000ee       0x34 Core/Src/stm32l4xx_hal_timebase_tim.o
 .ARM.attributes
                0x0000000000000122       0x34 Core/Src/stm32l4xx_it.o
 .ARM.attributes
                0x0000000000000156       0x34 Core/Src/system_stm32l4xx.o
 .ARM.attributes
                0x000000000000018a       0x21 Core/Startup/startup_stm32l476rgtx.o
 .ARM.attributes
                0x00000000000001ab       0x34 Drivers/STM32L4xx_HAL_Driver/Src/stm32l4xx_hal.o
 .ARM.attributes
                0x00000000000001df       0x34 Drivers/STM32L4xx_HAL_Driver/Src/stm32l4xx_hal_cortex.o
 .ARM.attributes
                0x0000000000000213       0x34 Drivers/STM32L4xx_HAL_Driver/Src/stm32l4xx_hal_dma.o
 .ARM.attributes
                0x0000000000000247       0x34 Drivers/STM32L4xx_HAL_Driver/Src/stm32l4xx_hal_gpio.o
 .ARM.attributes
                0x000000000000027b       0x34 Drivers/STM32L4xx_HAL_Driver/Src/stm32l4xx_hal_pwr_ex.o
 .ARM.attributes
                0x00000000000002af       0x34 Drivers/STM32L4xx_HAL_Driver/Src/stm32l4xx_hal_rcc.o
 .ARM.attributes
                0x00000000000002e3       0x34 Drivers/STM32L4xx_HAL_Driver/Src/stm32l4xx_hal_rcc_ex.o
 .ARM.attributes
                0x0000000000000317       0x34 Drivers/STM32L4xx_HAL_Driver/Src/stm32l4xx_hal_tim.o
 .ARM.attributes
                0x000000000000034b       0x34 Drivers/STM32L4xx_HAL_Driver/Src/stm32l4xx_hal_tim_ex.o
 .ARM.attributes
                0x000000000000037f       0x34 Drivers/STM32L4xx_HAL_Driver/Src/stm32l4xx_hal_uart.o
 .ARM.attributes
                0x00000000000003b3       0x34 Drivers/STM32L4xx_HAL_Driver/Src/stm32l4xx_hal_uart_ex.o
 .ARM.attributes
                0x00000000000003e7       0x34 Middlewares/Third_Party/FreeRTOS/Source/CMSIS_RTOS/cmsis_os.o
 .ARM.attributes
                0x000000000000041b       0x34 Middlewares/Third_Party/FreeRTOS/Source/list.o
 .ARM.attributes
                0x000000000000044f       0x34 Middlewares/Third_Party/FreeRTOS/Source/queue.o
 .ARM.attributes
                0x0000000000000483       0x34 Middlewares/Third_Party/FreeRTOS/Source/tasks.o
 .ARM.attributes
                0x00000000000004b7       0x34 Middlewares/Third_Party/FreeRTOS/Source/portable/GCC/ARM_CM4F/port.o
 .ARM.attributes
                0x00000000000004eb       0x34 Middlewares/Third_Party/FreeRTOS/Source/portable/MemMang/heap_4.o
 .ARM.attributes
                0x000000000000051f       0x34 Middlewares/Third_Party/Modbus/Core/ModbusApp.o
 .ARM.attributes
                0x0000000000000553       0x34 Middlewares/Third_Party/Modbus/Core/ModbusCore.o
 .ARM.attributes
                0x0000000000000587       0x34 Middlewares/Third_Party/Modbus/RTU/Common/ModbusRtu_Common.o
 .ARM.attributes
                0x00000000000005bb       0x34 Middlewares/Third_Party/Modbus/RTU/Slave/ModbusRtu_Slave.o
 .ARM.attributes
                0x00000000000005ef       0x34 c:/st/stm32cubeide_1.4.0/stm32cubeide/plugins/com.st.stm32cube.ide.mcu.externaltools.gnu-tools-for-stm32.9-2020-q2-update.win32_1.5.0.202011040924/tools/bin/../lib/gcc/arm-none-eabi/9.3.1/../../../../arm-none-eabi/lib/thumb/v7e-m+fp/hard\libc_nano.a(lib_a-init.o)
 .ARM.attributes
                0x0000000000000623       0x34 c:/st/stm32cubeide_1.4.0/stm32cubeide/plugins/com.st.stm32cube.ide.mcu.externaltools.gnu-tools-for-stm32.9-2020-q2-update.win32_1.5.0.202011040924/tools/bin/../lib/gcc/arm-none-eabi/9.3.1/../../../../arm-none-eabi/lib/thumb/v7e-m+fp/hard\libc_nano.a(lib_a-memcpy-stub.o)
 .ARM.attributes
                0x0000000000000657       0x34 c:/st/stm32cubeide_1.4.0/stm32cubeide/plugins/com.st.stm32cube.ide.mcu.externaltools.gnu-tools-for-stm32.9-2020-q2-update.win32_1.5.0.202011040924/tools/bin/../lib/gcc/arm-none-eabi/9.3.1/../../../../arm-none-eabi/lib/thumb/v7e-m+fp/hard\libc_nano.a(lib_a-memset.o)
 .ARM.attributes
                0x000000000000068b       0x1e c:/st/stm32cubeide_1.4.0/stm32cubeide/plugins/com.st.stm32cube.ide.mcu.externaltools.gnu-tools-for-stm32.9-2020-q2-update.win32_1.5.0.202011040924/tools/bin/../lib/gcc/arm-none-eabi/9.3.1/thumb/v7e-m+fp/hard\libgcc.a(_aeabi_uldivmod.o)
 .ARM.attributes
                0x00000000000006a9       0x34 c:/st/stm32cubeide_1.4.0/stm32cubeide/plugins/com.st.stm32cube.ide.mcu.externaltools.gnu-tools-for-stm32.9-2020-q2-update.win32_1.5.0.202011040924/tools/bin/../lib/gcc/arm-none-eabi/9.3.1/thumb/v7e-m+fp/hard\libgcc.a(_udivmoddi4.o)
 .ARM.attributes
                0x00000000000006dd       0x1e c:/st/stm32cubeide_1.4.0/stm32cubeide/plugins/com.st.stm32cube.ide.mcu.externaltools.gnu-tools-for-stm32.9-2020-q2-update.win32_1.5.0.202011040924/tools/bin/../lib/gcc/arm-none-eabi/9.3.1/thumb/v7e-m+fp/hard\libgcc.a(_dvmd_tls.o)
 .ARM.attributes
                0x00000000000006fb       0x1e c:/st/stm32cubeide_1.4.0/stm32cubeide/plugins/com.st.stm32cube.ide.mcu.externaltools.gnu-tools-for-stm32.9-2020-q2-update.win32_1.5.0.202011040924/tools/bin/../lib/gcc/arm-none-eabi/9.3.1/thumb/v7e-m+fp/hard/crtn.o
OUTPUT(Modbus_Training.elf elf32-littlearm)
LOAD linker stubs
LOAD c:/st/stm32cubeide_1.4.0/stm32cubeide/plugins/com.st.stm32cube.ide.mcu.externaltools.gnu-tools-for-stm32.9-2020-q2-update.win32_1.5.0.202011040924/tools/bin/../lib/gcc/arm-none-eabi/9.3.1/../../../../arm-none-eabi/lib/thumb/v7e-m+fp/hard\libc.a
LOAD c:/st/stm32cubeide_1.4.0/stm32cubeide/plugins/com.st.stm32cube.ide.mcu.externaltools.gnu-tools-for-stm32.9-2020-q2-update.win32_1.5.0.202011040924/tools/bin/../lib/gcc/arm-none-eabi/9.3.1/../../../../arm-none-eabi/lib/thumb/v7e-m+fp/hard\libm.a
LOAD c:/st/stm32cubeide_1.4.0/stm32cubeide/plugins/com.st.stm32cube.ide.mcu.externaltools.gnu-tools-for-stm32.9-2020-q2-update.win32_1.5.0.202011040924/tools/bin/../lib/gcc/arm-none-eabi/9.3.1/thumb/v7e-m+fp/hard\libgcc.a

.debug_info     0x0000000000000000    0x1cb13
 .debug_info    0x0000000000000000      0x4be Core/Src/freertos.o
 .debug_info    0x00000000000004be     0x23ab Core/Src/main.o
 .debug_info    0x0000000000002869      0xeb6 Core/Src/stm32l4xx_hal_msp.o
 .debug_info    0x000000000000371f      0xe29 Core/Src/stm32l4xx_hal_timebase_tim.o
 .debug_info    0x0000000000004548      0xcb6 Core/Src/stm32l4xx_it.o
 .debug_info    0x00000000000051fe      0x779 Core/Src/system_stm32l4xx.o
 .debug_info    0x0000000000005977       0x22 Core/Startup/startup_stm32l476rgtx.o
 .debug_info    0x0000000000005999      0xddb Drivers/STM32L4xx_HAL_Driver/Src/stm32l4xx_hal.o
 .debug_info    0x0000000000006774     0x102e Drivers/STM32L4xx_HAL_Driver/Src/stm32l4xx_hal_cortex.o
 .debug_info    0x00000000000077a2      0x973 Drivers/STM32L4xx_HAL_Driver/Src/stm32l4xx_hal_dma.o
 .debug_info    0x0000000000008115      0xa5f Drivers/STM32L4xx_HAL_Driver/Src/stm32l4xx_hal_gpio.o
 .debug_info    0x0000000000008b74      0xbda Drivers/STM32L4xx_HAL_Driver/Src/stm32l4xx_hal_pwr_ex.o
 .debug_info    0x000000000000974e      0xe0b Drivers/STM32L4xx_HAL_Driver/Src/stm32l4xx_hal_rcc.o
 .debug_info    0x000000000000a559     0x103f Drivers/STM32L4xx_HAL_Driver/Src/stm32l4xx_hal_rcc_ex.o
 .debug_info    0x000000000000b598     0x2cb9 Drivers/STM32L4xx_HAL_Driver/Src/stm32l4xx_hal_tim.o
 .debug_info    0x000000000000e251     0x1813 Drivers/STM32L4xx_HAL_Driver/Src/stm32l4xx_hal_tim_ex.o
 .debug_info    0x000000000000fa64     0x1ac3 Drivers/STM32L4xx_HAL_Driver/Src/stm32l4xx_hal_uart.o
 .debug_info    0x0000000000011527      0xc67 Drivers/STM32L4xx_HAL_Driver/Src/stm32l4xx_hal_uart_ex.o
 .debug_info    0x000000000001218e     0x203c Middlewares/Third_Party/FreeRTOS/Source/CMSIS_RTOS/cmsis_os.o
 .debug_info    0x00000000000141ca      0xb82 Middlewares/Third_Party/FreeRTOS/Source/list.o
 .debug_info    0x0000000000014d4c     0x1ffc Middlewares/Third_Party/FreeRTOS/Source/queue.o
 .debug_info    0x0000000000016d48     0x2575 Middlewares/Third_Party/FreeRTOS/Source/tasks.o
 .debug_info    0x00000000000192bd      0x4f1 Middlewares/Third_Party/FreeRTOS/Source/portable/GCC/ARM_CM4F/port.o
 .debug_info    0x00000000000197ae      0xd8a Middlewares/Third_Party/FreeRTOS/Source/portable/MemMang/heap_4.o
 .debug_info    0x000000000001a538      0x77e Middlewares/Third_Party/Modbus/Core/ModbusApp.o
 .debug_info    0x000000000001acb6      0xe91 Middlewares/Third_Party/Modbus/Core/ModbusCore.o
 .debug_info    0x000000000001bb47      0x2ed Middlewares/Third_Party/Modbus/RTU/Common/ModbusRtu_Common.o
 .debug_info    0x000000000001be34      0xcdf Middlewares/Third_Party/Modbus/RTU/Slave/ModbusRtu_Slave.o

.debug_abbrev   0x0000000000000000     0x3cff
 .debug_abbrev  0x0000000000000000      0x13d Core/Src/freertos.o
 .debug_abbrev  0x000000000000013d      0x337 Core/Src/main.o
 .debug_abbrev  0x0000000000000474      0x1b5 Core/Src/stm32l4xx_hal_msp.o
 .debug_abbrev  0x0000000000000629      0x1bf Core/Src/stm32l4xx_hal_timebase_tim.o
 .debug_abbrev  0x00000000000007e8      0x176 Core/Src/stm32l4xx_it.o
 .debug_abbrev  0x000000000000095e      0x165 Core/Src/system_stm32l4xx.o
 .debug_abbrev  0x0000000000000ac3       0x12 Core/Startup/startup_stm32l476rgtx.o
 .debug_abbrev  0x0000000000000ad5      0x227 Drivers/STM32L4xx_HAL_Driver/Src/stm32l4xx_hal.o
 .debug_abbrev  0x0000000000000cfc      0x33c Drivers/STM32L4xx_HAL_Driver/Src/stm32l4xx_hal_cortex.o
 .debug_abbrev  0x0000000000001038      0x201 Drivers/STM32L4xx_HAL_Driver/Src/stm32l4xx_hal_dma.o
 .debug_abbrev  0x0000000000001239      0x1e8 Drivers/STM32L4xx_HAL_Driver/Src/stm32l4xx_hal_gpio.o
 .debug_abbrev  0x0000000000001421      0x1f3 Drivers/STM32L4xx_HAL_Driver/Src/stm32l4xx_hal_pwr_ex.o
 .debug_abbrev  0x0000000000001614      0x275 Drivers/STM32L4xx_HAL_Driver/Src/stm32l4xx_hal_rcc.o
 .debug_abbrev  0x0000000000001889      0x268 Drivers/STM32L4xx_HAL_Driver/Src/stm32l4xx_hal_rcc_ex.o
 .debug_abbrev  0x0000000000001af1      0x25e Drivers/STM32L4xx_HAL_Driver/Src/stm32l4xx_hal_tim.o
 .debug_abbrev  0x0000000000001d4f      0x266 Drivers/STM32L4xx_HAL_Driver/Src/stm32l4xx_hal_tim_ex.o
 .debug_abbrev  0x0000000000001fb5      0x23f Drivers/STM32L4xx_HAL_Driver/Src/stm32l4xx_hal_uart.o
 .debug_abbrev  0x00000000000021f4      0x20a Drivers/STM32L4xx_HAL_Driver/Src/stm32l4xx_hal_uart_ex.o
 .debug_abbrev  0x00000000000023fe      0x3d1 Middlewares/Third_Party/FreeRTOS/Source/CMSIS_RTOS/cmsis_os.o
 .debug_abbrev  0x00000000000027cf      0x1f7 Middlewares/Third_Party/FreeRTOS/Source/list.o
 .debug_abbrev  0x00000000000029c6      0x380 Middlewares/Third_Party/FreeRTOS/Source/queue.o
 .debug_abbrev  0x0000000000002d46      0x380 Middlewares/Third_Party/FreeRTOS/Source/tasks.o
 .debug_abbrev  0x00000000000030c6      0x231 Middlewares/Third_Party/FreeRTOS/Source/portable/GCC/ARM_CM4F/port.o
 .debug_abbrev  0x00000000000032f7      0x2d3 Middlewares/Third_Party/FreeRTOS/Source/portable/MemMang/heap_4.o
 .debug_abbrev  0x00000000000035ca      0x189 Middlewares/Third_Party/Modbus/Core/ModbusApp.o
 .debug_abbrev  0x0000000000003753      0x213 Middlewares/Third_Party/Modbus/Core/ModbusCore.o
 .debug_abbrev  0x0000000000003966      0x152 Middlewares/Third_Party/Modbus/RTU/Common/ModbusRtu_Common.o
 .debug_abbrev  0x0000000000003ab8      0x247 Middlewares/Third_Party/Modbus/RTU/Slave/ModbusRtu_Slave.o

.debug_aranges  0x0000000000000000     0x1680
 .debug_aranges
                0x0000000000000000       0x20 Core/Src/freertos.o
 .debug_aranges
                0x0000000000000020       0x78 Core/Src/main.o
 .debug_aranges
                0x0000000000000098       0x30 Core/Src/stm32l4xx_hal_msp.o
 .debug_aranges
                0x00000000000000c8       0x30 Core/Src/stm32l4xx_hal_timebase_tim.o
 .debug_aranges
                0x00000000000000f8       0x58 Core/Src/stm32l4xx_it.o
 .debug_aranges
                0x0000000000000150       0x28 Core/Src/system_stm32l4xx.o
 .debug_aranges
                0x0000000000000178       0x28 Core/Startup/startup_stm32l476rgtx.o
 .debug_aranges
                0x00000000000001a0      0x130 Drivers/STM32L4xx_HAL_Driver/Src/stm32l4xx_hal.o
 .debug_aranges
                0x00000000000002d0      0x118 Drivers/STM32L4xx_HAL_Driver/Src/stm32l4xx_hal_cortex.o
 .debug_aranges
                0x00000000000003e8       0x80 Drivers/STM32L4xx_HAL_Driver/Src/stm32l4xx_hal_dma.o
 .debug_aranges
                0x0000000000000468       0x58 Drivers/STM32L4xx_HAL_Driver/Src/stm32l4xx_hal_gpio.o
 .debug_aranges
                0x00000000000004c0      0x150 Drivers/STM32L4xx_HAL_Driver/Src/stm32l4xx_hal_pwr_ex.o
 .debug_aranges
                0x0000000000000610       0x88 Drivers/STM32L4xx_HAL_Driver/Src/stm32l4xx_hal_rcc.o
 .debug_aranges
                0x0000000000000698       0xc0 Drivers/STM32L4xx_HAL_Driver/Src/stm32l4xx_hal_rcc_ex.o
 .debug_aranges
                0x0000000000000758      0x3e0 Drivers/STM32L4xx_HAL_Driver/Src/stm32l4xx_hal_tim.o
 .debug_aranges
                0x0000000000000b38      0x180 Drivers/STM32L4xx_HAL_Driver/Src/stm32l4xx_hal_tim_ex.o
 .debug_aranges
                0x0000000000000cb8      0x228 Drivers/STM32L4xx_HAL_Driver/Src/stm32l4xx_hal_uart.o
 .debug_aranges
                0x0000000000000ee0       0x78 Drivers/STM32L4xx_HAL_Driver/Src/stm32l4xx_hal_uart_ex.o
 .debug_aranges
                0x0000000000000f58      0x1d8 Middlewares/Third_Party/FreeRTOS/Source/CMSIS_RTOS/cmsis_os.o
 .debug_aranges
                0x0000000000001130       0x40 Middlewares/Third_Party/FreeRTOS/Source/list.o
 .debug_aranges
                0x0000000000001170      0x108 Middlewares/Third_Party/FreeRTOS/Source/queue.o
 .debug_aranges
                0x0000000000001278      0x1b8 Middlewares/Third_Party/FreeRTOS/Source/tasks.o
 .debug_aranges
                0x0000000000001430       0x80 Middlewares/Third_Party/FreeRTOS/Source/portable/GCC/ARM_CM4F/port.o
 .debug_aranges
                0x00000000000014b0       0x58 Middlewares/Third_Party/FreeRTOS/Source/portable/MemMang/heap_4.o
 .debug_aranges
                0x0000000000001508       0x88 Middlewares/Third_Party/Modbus/Core/ModbusApp.o
 .debug_aranges
                0x0000000000001590       0x60 Middlewares/Third_Party/Modbus/Core/ModbusCore.o
 .debug_aranges
                0x00000000000015f0       0x40 Middlewares/Third_Party/Modbus/RTU/Common/ModbusRtu_Common.o
 .debug_aranges
                0x0000000000001630       0x50 Middlewares/Third_Party/Modbus/RTU/Slave/ModbusRtu_Slave.o

.debug_ranges   0x0000000000000000     0x14f8
 .debug_ranges  0x0000000000000000       0x10 Core/Src/freertos.o
 .debug_ranges  0x0000000000000010       0x68 Core/Src/main.o
 .debug_ranges  0x0000000000000078       0x20 Core/Src/stm32l4xx_hal_msp.o
 .debug_ranges  0x0000000000000098       0x20 Core/Src/stm32l4xx_hal_timebase_tim.o
 .debug_ranges  0x00000000000000b8       0x48 Core/Src/stm32l4xx_it.o
 .debug_ranges  0x0000000000000100       0x18 Core/Src/system_stm32l4xx.o
 .debug_ranges  0x0000000000000118       0x20 Core/Startup/startup_stm32l476rgtx.o
 .debug_ranges  0x0000000000000138      0x120 Drivers/STM32L4xx_HAL_Driver/Src/stm32l4xx_hal.o
 .debug_ranges  0x0000000000000258      0x108 Drivers/STM32L4xx_HAL_Driver/Src/stm32l4xx_hal_cortex.o
 .debug_ranges  0x0000000000000360       0x70 Drivers/STM32L4xx_HAL_Driver/Src/stm32l4xx_hal_dma.o
 .debug_ranges  0x00000000000003d0       0x48 Drivers/STM32L4xx_HAL_Driver/Src/stm32l4xx_hal_gpio.o
 .debug_ranges  0x0000000000000418      0x140 Drivers/STM32L4xx_HAL_Driver/Src/stm32l4xx_hal_pwr_ex.o
 .debug_ranges  0x0000000000000558       0x78 Drivers/STM32L4xx_HAL_Driver/Src/stm32l4xx_hal_rcc.o
 .debug_ranges  0x00000000000005d0       0xb0 Drivers/STM32L4xx_HAL_Driver/Src/stm32l4xx_hal_rcc_ex.o
 .debug_ranges  0x0000000000000680      0x3d0 Drivers/STM32L4xx_HAL_Driver/Src/stm32l4xx_hal_tim.o
 .debug_ranges  0x0000000000000a50      0x170 Drivers/STM32L4xx_HAL_Driver/Src/stm32l4xx_hal_tim_ex.o
 .debug_ranges  0x0000000000000bc0      0x248 Drivers/STM32L4xx_HAL_Driver/Src/stm32l4xx_hal_uart.o
 .debug_ranges  0x0000000000000e08       0x68 Drivers/STM32L4xx_HAL_Driver/Src/stm32l4xx_hal_uart_ex.o
 .debug_ranges  0x0000000000000e70      0x1c8 Middlewares/Third_Party/FreeRTOS/Source/CMSIS_RTOS/cmsis_os.o
 .debug_ranges  0x0000000000001038       0x30 Middlewares/Third_Party/FreeRTOS/Source/list.o
 .debug_ranges  0x0000000000001068       0xf8 Middlewares/Third_Party/FreeRTOS/Source/queue.o
 .debug_ranges  0x0000000000001160      0x1a8 Middlewares/Third_Party/FreeRTOS/Source/tasks.o
 .debug_ranges  0x0000000000001308       0x70 Middlewares/Third_Party/FreeRTOS/Source/portable/GCC/ARM_CM4F/port.o
 .debug_ranges  0x0000000000001378       0x48 Middlewares/Third_Party/FreeRTOS/Source/portable/MemMang/heap_4.o
 .debug_ranges  0x00000000000013c0       0x78 Middlewares/Third_Party/Modbus/Core/ModbusApp.o
 .debug_ranges  0x0000000000001438       0x50 Middlewares/Third_Party/Modbus/Core/ModbusCore.o
 .debug_ranges  0x0000000000001488       0x30 Middlewares/Third_Party/Modbus/RTU/Common/ModbusRtu_Common.o
 .debug_ranges  0x00000000000014b8       0x40 Middlewares/Third_Party/Modbus/RTU/Slave/ModbusRtu_Slave.o

.debug_macro    0x0000000000000000    0x294f3
 .debug_macro   0x0000000000000000      0x250 Core/Src/freertos.o
 .debug_macro   0x0000000000000250      0xaa8 Core/Src/freertos.o
 .debug_macro   0x0000000000000cf8      0x174 Core/Src/freertos.o
 .debug_macro   0x0000000000000e6c       0x22 Core/Src/freertos.o
 .debug_macro   0x0000000000000e8e       0x8e Core/Src/freertos.o
 .debug_macro   0x0000000000000f1c       0x51 Core/Src/freertos.o
 .debug_macro   0x0000000000000f6d      0x103 Core/Src/freertos.o
 .debug_macro   0x0000000000001070       0x6a Core/Src/freertos.o
 .debug_macro   0x00000000000010da      0x1df Core/Src/freertos.o
 .debug_macro   0x00000000000012b9       0xea Core/Src/freertos.o
 .debug_macro   0x00000000000013a3      0x15a Core/Src/freertos.o
 .debug_macro   0x00000000000014fd       0xde Core/Src/freertos.o
 .debug_macro   0x00000000000015db       0x1c Core/Src/freertos.o
 .debug_macro   0x00000000000015f7       0x26 Core/Src/freertos.o
 .debug_macro   0x000000000000161d      0x504 Core/Src/freertos.o
 .debug_macro   0x0000000000001b21       0xb5 Core/Src/freertos.o
 .debug_macro   0x0000000000001bd6       0xaa Core/Src/freertos.o
 .debug_macro   0x0000000000001c80      0x1ad Core/Src/freertos.o
 .debug_macro   0x0000000000001e2d       0x2e Core/Src/freertos.o
 .debug_macro   0x0000000000001e5b       0x28 Core/Src/freertos.o
 .debug_macro   0x0000000000001e83       0x1c Core/Src/freertos.o
 .debug_macro   0x0000000000001e9f       0x22 Core/Src/freertos.o
 .debug_macro   0x0000000000001ec1      0x101 Core/Src/freertos.o
 .debug_macro   0x0000000000001fc2     0x1011 Core/Src/freertos.o
 .debug_macro   0x0000000000002fd3      0x11f Core/Src/freertos.o
 .debug_macro   0x00000000000030f2    0x1a13d Core/Src/freertos.o
 .debug_macro   0x000000000001d22f       0x43 Core/Src/freertos.o
 .debug_macro   0x000000000001d272     0x3897 Core/Src/freertos.o
 .debug_macro   0x0000000000020b09       0x5c Core/Src/freertos.o
 .debug_macro   0x0000000000020b65     0x155f Core/Src/freertos.o
 .debug_macro   0x00000000000220c4      0x59e Core/Src/freertos.o
 .debug_macro   0x0000000000022662      0x13d Core/Src/freertos.o
 .debug_macro   0x000000000002279f      0x18b Core/Src/freertos.o
 .debug_macro   0x000000000002292a      0x26b Core/Src/freertos.o
 .debug_macro   0x0000000000022b95      0x23d Core/Src/freertos.o
 .debug_macro   0x0000000000022dd2      0x241 Core/Src/freertos.o
 .debug_macro   0x0000000000023013      0x37c Core/Src/freertos.o
 .debug_macro   0x000000000002338f       0xd6 Core/Src/freertos.o
 .debug_macro   0x0000000000023465      0x22c Core/Src/freertos.o
 .debug_macro   0x0000000000023691       0x61 Core/Src/freertos.o
 .debug_macro   0x00000000000236f2       0xa5 Core/Src/freertos.o
 .debug_macro   0x0000000000023797      0x122 Core/Src/freertos.o
 .debug_macro   0x00000000000238b9      0x3e9 Core/Src/freertos.o
 .debug_macro   0x0000000000023ca2      0xa75 Core/Src/freertos.o
 .debug_macro   0x0000000000024717      0x1e7 Core/Src/freertos.o
 .debug_macro   0x00000000000248fe      0x5ba Core/Src/freertos.o
 .debug_macro   0x0000000000024eb8       0x44 Core/Src/freertos.o
 .debug_macro   0x0000000000024efc      0x331 Core/Src/freertos.o
 .debug_macro   0x000000000002522d       0x4c Core/Src/freertos.o
 .debug_macro   0x0000000000025279      0x43a Core/Src/main.o
 .debug_macro   0x00000000000256b3       0xea Core/Src/main.o
 .debug_macro   0x000000000002579d       0x91 Core/Src/main.o
 .debug_macro   0x000000000002582e       0x8d Core/Src/main.o
 .debug_macro   0x00000000000258bb       0x7e Core/Src/main.o
 .debug_macro   0x0000000000025939       0x19 Core/Src/main.o
 .debug_macro   0x0000000000025952       0xf2 Core/Src/main.o
 .debug_macro   0x0000000000025a44       0x22 Core/Src/main.o
 .debug_macro   0x0000000000025a66       0x46 Core/Src/main.o
 .debug_macro   0x0000000000025aac       0x52 Core/Src/main.o
 .debug_macro   0x0000000000025afe       0x18 Core/Src/main.o
 .debug_macro   0x0000000000025b16       0x3c Core/Src/main.o
 .debug_macro   0x0000000000025b52       0x34 Core/Src/main.o
 .debug_macro   0x0000000000025b86       0x16 Core/Src/main.o
 .debug_macro   0x0000000000025b9c       0x35 Core/Src/main.o
 .debug_macro   0x0000000000025bd1      0x333 Core/Src/main.o
 .debug_macro   0x0000000000025f04       0x10 Core/Src/main.o
 .debug_macro   0x0000000000025f14       0x16 Core/Src/main.o
 .debug_macro   0x0000000000025f2a       0x43 Core/Src/main.o
 .debug_macro   0x0000000000025f6d       0x34 Core/Src/main.o
 .debug_macro   0x0000000000025fa1       0x10 Core/Src/main.o
 .debug_macro   0x0000000000025fb1       0x58 Core/Src/main.o
 .debug_macro   0x0000000000026009       0x71 Core/Src/main.o
 .debug_macro   0x000000000002607a       0x1c Core/Src/main.o
 .debug_macro   0x0000000000026096      0x12a Core/Src/main.o
 .debug_macro   0x00000000000261c0       0x10 Core/Src/main.o
 .debug_macro   0x00000000000261d0       0x1c Core/Src/main.o
 .debug_macro   0x00000000000261ec       0x52 Core/Src/main.o
 .debug_macro   0x000000000002623e       0x22 Core/Src/main.o
 .debug_macro   0x0000000000026260       0x10 Core/Src/main.o
 .debug_macro   0x0000000000026270       0x40 Core/Src/main.o
 .debug_macro   0x00000000000262b0       0xd5 Core/Src/main.o
 .debug_macro   0x0000000000026385       0x1c Core/Src/main.o
 .debug_macro   0x00000000000263a1       0x3d Core/Src/main.o
 .debug_macro   0x00000000000263de       0x16 Core/Src/main.o
 .debug_macro   0x00000000000263f4      0x145 Core/Src/main.o
 .debug_macro   0x0000000000026539      0x1e8 Core/Src/stm32l4xx_hal_msp.o
 .debug_macro   0x0000000000026721      0x1d9 Core/Src/stm32l4xx_hal_timebase_tim.o
 .debug_macro   0x00000000000268fa      0x1f2 Core/Src/stm32l4xx_it.o
 .debug_macro   0x0000000000026aec      0x1d9 Core/Src/system_stm32l4xx.o
 .debug_macro   0x0000000000026cc5      0x227 Drivers/STM32L4xx_HAL_Driver/Src/stm32l4xx_hal.o
 .debug_macro   0x0000000000026eec      0x1d9 Drivers/STM32L4xx_HAL_Driver/Src/stm32l4xx_hal_cortex.o
 .debug_macro   0x00000000000270c5      0x1d9 Drivers/STM32L4xx_HAL_Driver/Src/stm32l4xx_hal_dma.o
 .debug_macro   0x000000000002729e      0x218 Drivers/STM32L4xx_HAL_Driver/Src/stm32l4xx_hal_gpio.o
 .debug_macro   0x00000000000274b6      0x1fd Drivers/STM32L4xx_HAL_Driver/Src/stm32l4xx_hal_pwr_ex.o
 .debug_macro   0x00000000000276b3      0x21b Drivers/STM32L4xx_HAL_Driver/Src/stm32l4xx_hal_rcc.o
 .debug_macro   0x00000000000278ce      0x20f Drivers/STM32L4xx_HAL_Driver/Src/stm32l4xx_hal_rcc_ex.o
 .debug_macro   0x0000000000027add      0x1da Drivers/STM32L4xx_HAL_Driver/Src/stm32l4xx_hal_tim.o
 .debug_macro   0x0000000000027cb7      0x1d9 Drivers/STM32L4xx_HAL_Driver/Src/stm32l4xx_hal_tim_ex.o
 .debug_macro   0x0000000000027e90      0x204 Drivers/STM32L4xx_HAL_Driver/Src/stm32l4xx_hal_uart.o
 .debug_macro   0x0000000000028094      0x1d9 Drivers/STM32L4xx_HAL_Driver/Src/stm32l4xx_hal_uart_ex.o
 .debug_macro   0x000000000002826d      0x1fe Middlewares/Third_Party/FreeRTOS/Source/CMSIS_RTOS/cmsis_os.o
 .debug_macro   0x000000000002846b       0x10 Middlewares/Third_Party/FreeRTOS/Source/CMSIS_RTOS/cmsis_os.o
 .debug_macro   0x000000000002847b       0x20 Middlewares/Third_Party/FreeRTOS/Source/CMSIS_RTOS/cmsis_os.o
 .debug_macro   0x000000000002849b       0xe9 Middlewares/Third_Party/FreeRTOS/Source/CMSIS_RTOS/cmsis_os.o
 .debug_macro   0x0000000000028584      0x187 Middlewares/Third_Party/FreeRTOS/Source/list.o
 .debug_macro   0x000000000002870b      0x216 Middlewares/Third_Party/FreeRTOS/Source/queue.o
 .debug_macro   0x0000000000028921       0x16 Middlewares/Third_Party/FreeRTOS/Source/queue.o
 .debug_macro   0x0000000000028937       0x87 Middlewares/Third_Party/FreeRTOS/Source/queue.o
 .debug_macro   0x00000000000289be      0x279 Middlewares/Third_Party/FreeRTOS/Source/tasks.o
 .debug_macro   0x0000000000028c37       0x10 Middlewares/Third_Party/FreeRTOS/Source/tasks.o
 .debug_macro   0x0000000000028c47      0x196 Middlewares/Third_Party/FreeRTOS/Source/portable/GCC/ARM_CM4F/port.o
 .debug_macro   0x0000000000028ddd      0x1ae Middlewares/Third_Party/FreeRTOS/Source/portable/MemMang/heap_4.o
 .debug_macro   0x0000000000028f8b       0x98 Middlewares/Third_Party/Modbus/Core/ModbusApp.o
 .debug_macro   0x0000000000029023       0x22 Middlewares/Third_Party/Modbus/Core/ModbusApp.o
 .debug_macro   0x0000000000029045      0x15d Middlewares/Third_Party/Modbus/Core/ModbusCore.o
 .debug_macro   0x00000000000291a2       0x86 Middlewares/Third_Party/Modbus/RTU/Common/ModbusRtu_Common.o
 .debug_macro   0x0000000000029228      0x2cb Middlewares/Third_Party/Modbus/RTU/Slave/ModbusRtu_Slave.o

.debug_line     0x0000000000000000    0x18e76
 .debug_line    0x0000000000000000      0x7f7 Core/Src/freertos.o
 .debug_line    0x00000000000007f7      0xd87 Core/Src/main.o
 .debug_line    0x000000000000157e      0x74a Core/Src/stm32l4xx_hal_msp.o
 .debug_line    0x0000000000001cc8      0x755 Core/Src/stm32l4xx_hal_timebase_tim.o
 .debug_line    0x000000000000241d      0x7ad Core/Src/stm32l4xx_it.o
 .debug_line    0x0000000000002bca      0x7a9 Core/Src/system_stm32l4xx.o
 .debug_line    0x0000000000003373       0x87 Core/Startup/startup_stm32l476rgtx.o
 .debug_line    0x00000000000033fa      0xae9 Drivers/STM32L4xx_HAL_Driver/Src/stm32l4xx_hal.o
 .debug_line    0x0000000000003ee3      0xc8f Drivers/STM32L4xx_HAL_Driver/Src/stm32l4xx_hal_cortex.o
 .debug_line    0x0000000000004b72      0xcc7 Drivers/STM32L4xx_HAL_Driver/Src/stm32l4xx_hal_dma.o
 .debug_line    0x0000000000005839      0xb62 Drivers/STM32L4xx_HAL_Driver/Src/stm32l4xx_hal_gpio.o
 .debug_line    0x000000000000639b      0xca4 Drivers/STM32L4xx_HAL_Driver/Src/stm32l4xx_hal_pwr_ex.o
 .debug_line    0x000000000000703f      0xf2c Drivers/STM32L4xx_HAL_Driver/Src/stm32l4xx_hal_rcc.o
 .debug_line    0x0000000000007f6b     0x14a1 Drivers/STM32L4xx_HAL_Driver/Src/stm32l4xx_hal_rcc_ex.o
 .debug_line    0x000000000000940c     0x3c72 Drivers/STM32L4xx_HAL_Driver/Src/stm32l4xx_hal_tim.o
 .debug_line    0x000000000000d07e     0x1bb7 Drivers/STM32L4xx_HAL_Driver/Src/stm32l4xx_hal_tim_ex.o
 .debug_line    0x000000000000ec35     0x1d79 Drivers/STM32L4xx_HAL_Driver/Src/stm32l4xx_hal_uart.o
 .debug_line    0x00000000000109ae      0xad5 Drivers/STM32L4xx_HAL_Driver/Src/stm32l4xx_hal_uart_ex.o
 .debug_line    0x0000000000011483     0x11c4 Middlewares/Third_Party/FreeRTOS/Source/CMSIS_RTOS/cmsis_os.o
 .debug_line    0x0000000000012647      0x70b Middlewares/Third_Party/FreeRTOS/Source/list.o
 .debug_line    0x0000000000012d52     0x148c Middlewares/Third_Party/FreeRTOS/Source/queue.o
 .debug_line    0x00000000000141de     0x191b Middlewares/Third_Party/FreeRTOS/Source/tasks.o
 .debug_line    0x0000000000015af9      0x7af Middlewares/Third_Party/FreeRTOS/Source/portable/GCC/ARM_CM4F/port.o
 .debug_line    0x00000000000162a8      0x935 Middlewares/Third_Party/FreeRTOS/Source/portable/MemMang/heap_4.o
 .debug_line    0x0000000000016bdd      0x85d Middlewares/Third_Party/Modbus/Core/ModbusApp.o
 .debug_line    0x000000000001743a      0x990 Middlewares/Third_Party/Modbus/Core/ModbusCore.o
 .debug_line    0x0000000000017dca      0x528 Middlewares/Third_Party/Modbus/RTU/Common/ModbusRtu_Common.o
 .debug_line    0x00000000000182f2      0xb84 Middlewares/Third_Party/Modbus/RTU/Slave/ModbusRtu_Slave.o

.debug_str      0x0000000000000000    0xfe0f6
 .debug_str     0x0000000000000000    0xef274 Core/Src/freertos.o
                                      0xef566 (size before relaxing)
 .debug_str     0x00000000000ef274     0x7483 Core/Src/main.o
                                      0xf6b37 (size before relaxing)
 .debug_str     0x00000000000f66f7      0x48f Core/Src/stm32l4xx_hal_msp.o
                                      0xec0e5 (size before relaxing)
 .debug_str     0x00000000000f6b86       0xaa Core/Src/stm32l4xx_hal_timebase_tim.o
                                      0xec149 (size before relaxing)
 .debug_str     0x00000000000f6c30       0xa4 Core/Src/stm32l4xx_it.o
                                      0xebdfd (size before relaxing)
 .debug_str     0x00000000000f6cd4       0xb8 Core/Src/system_stm32l4xx.o
                                      0xeb72c (size before relaxing)
 .debug_str     0x00000000000f6d8c       0x36 Core/Startup/startup_stm32l476rgtx.o
                                         0x76 (size before relaxing)